\BOOKMARK [-1][-]{part.1}{\376\377\173\054\116\000\220\350\122\006\000\040\176\337\213\241\133\146\127\372\170\100}{}% 1
\BOOKMARK [0][-]{chapter.1}{\376\377\151\202\163\207\213\272\126\336\230\176}{part.1}% 2
\BOOKMARK [1][-]{section.1.1}{\376\377\226\217\147\072\123\330\221\317\116\016\122\006\136\003}{chapter.1}% 3
\BOOKMARK [2][-]{subsection.1.1.1}{\376\377\171\273\145\143\226\217\147\072\123\330\221\317}{section.1.1}% 4
\BOOKMARK [2][-]{subsection.1.1.2}{\376\377\217\336\176\355\226\217\147\072\123\330\221\317}{section.1.1}% 5
\BOOKMARK [2][-]{subsection.1.1.3}{\376\377\136\070\211\301\122\006\136\003}{section.1.1}% 6
\BOOKMARK [1][-]{section.1.2}{\376\377\147\141\116\366\151\202\163\207\116\016\162\354\172\313\140\047}{chapter.1}% 7
\BOOKMARK [1][-]{section.1.3}{\376\377\167\351\116\016\162\171\137\201}{chapter.1}% 8
\BOOKMARK [2][-]{subsection.1.3.1}{\376\377\000P\000e\000a\000r\000s\000o\000n\000\040\116\016\000\040\000S\000p\000e\000a\000r\000m\000a\000n\000\040\166\370\121\163\174\373\145\160}{section.1.3}% 9
\BOOKMARK [0][-]{chapter.2}{\376\377\150\067\147\054\123\312\142\275\150\067\122\006\136\003}{part.1}% 10
\BOOKMARK [1][-]{section.2.1}{\376\377\226\217\147\072\150\067\147\054}{chapter.2}% 11
\BOOKMARK [2][-]{subsection.2.1.1}{\376\377\140\073\117\123\116\016\150\067\147\054}{section.2.1}% 12
\BOOKMARK [2][-]{subsection.2.1.2}{\376\377\136\070\165\050\176\337\213\241\221\317}{section.2.1}% 13
\BOOKMARK [1][-]{section.2.2}{\376\377\166\364\145\271\126\376\124\214\173\261\176\277\126\376}{chapter.2}% 14
\BOOKMARK [2][-]{subsection.2.2.1}{\376\377\166\364\145\271\126\376}{section.2.2}% 15
\BOOKMARK [2][-]{subsection.2.2.2}{\376\377\173\261\176\277\126\376}{section.2.2}% 16
\BOOKMARK [2][-]{subsection.2.2.3}{\376\377\176\317\232\214\122\006\136\003\121\375\145\160}{section.2.2}% 17
\BOOKMARK [1][-]{section.2.3}{\376\377\142\275\150\067\122\006\136\003}{chapter.2}% 18
\BOOKMARK [2][-]{subsection.2.3.1}{\376\377\0002\000\040\122\006\136\003\377\010\123\141\145\271\122\006\136\003\377\011}{section.2.3}% 19
\BOOKMARK [2][-]{subsection.2.3.2}{\376\377\000t\000\040\122\006\136\003\377\010\133\146\165\037\154\017\122\006\136\003\377\011}{section.2.3}% 20
\BOOKMARK [2][-]{subsection.2.3.3}{\376\377\000F\000\040\122\006\136\003}{section.2.3}% 21
\BOOKMARK [2][-]{subsection.2.3.4}{\376\377\153\143\140\001\140\073\117\123\166\204\142\275\150\067\122\006\136\003\133\232\164\006\377\010\150\070\137\303\133\232\164\006\377\011}{section.2.3}% 22
\BOOKMARK [0][-]{chapter.3}{\376\377\123\302\145\160\117\060\213\241}{part.1}% 23
\BOOKMARK [1][-]{section.3.1}{\376\377\160\271\117\060\213\241}{chapter.3}% 24
\BOOKMARK [2][-]{subsection.3.1.1}{\376\377\167\351\117\060\213\241\154\325}{section.3.1}% 25
\BOOKMARK [2][-]{subsection.3.1.2}{\376\377\147\201\131\047\117\074\161\066\117\060\213\241\000\040\000\050\000M\000L\000E\000\051}{section.3.1}% 26
\BOOKMARK [2][-]{subsection.3.1.3}{\376\377\147\000\131\047\124\016\232\214\117\060\213\241\000\040\000\050\000M\000A\000P\000\051}{section.3.1}% 27
\BOOKMARK [1][-]{section.3.2}{\376\377\127\372\116\216\142\052\134\076\150\067\147\054\166\204\147\000\131\047\117\074\161\066\117\060\213\241}{chapter.3}% 28
\BOOKMARK [2][-]{subsection.3.2.1}{\376\377\133\232\145\366\142\052\134\076}{section.3.2}% 29
\BOOKMARK [2][-]{subsection.3.2.2}{\376\377\133\232\145\160\142\052\134\076}{section.3.2}% 30
\BOOKMARK [2][-]{subsection.3.2.3}{\376\377\143\007\145\160\122\006\136\003\142\052\134\076\150\067\147\054\166\204\000\040\000M\000L\000E}{section.3.2}% 31
\BOOKMARK [1][-]{section.3.3}{\376\377\117\060\213\241\221\317\166\204\213\304\220\011\150\007\121\306}{chapter.3}% 32
\BOOKMARK [2][-]{subsection.3.3.1}{\376\377\145\340\120\117\140\047}{section.3.3}% 33
\BOOKMARK [2][-]{subsection.3.3.2}{\376\377\147\011\145\110\140\047}{section.3.3}% 34
\BOOKMARK [2][-]{subsection.3.3.3}{\376\377\166\370\124\010\140\047\377\010\116\000\201\364\140\047\377\011}{section.3.3}% 35
\BOOKMARK [2][-]{subsection.3.3.4}{\376\377\127\107\145\271\213\357\135\356\377\010\176\374\124\010\213\304\116\367\377\011}{section.3.3}% 36
\BOOKMARK [1][-]{section.3.4}{\376\377\123\072\225\364\117\060\213\241}{chapter.3}% 37
\BOOKMARK [2][-]{subsection.3.4.1}{\376\377\127\372\147\054\151\202\137\365}{section.3.4}% 38
\BOOKMARK [2][-]{subsection.3.4.2}{\376\377\147\242\217\164\221\317\154\325\377\010\147\204\220\040\177\156\117\341\123\072\225\364\166\204\220\032\165\050\145\271\154\325\377\011}{section.3.4}% 39
\BOOKMARK [1][-]{section.3.5}{\376\377\153\143\140\001\140\073\117\123\127\107\120\074\116\016\145\271\135\356\166\204\123\072\225\364\117\060\213\241}{chapter.3}% 40
\BOOKMARK [2][-]{subsection.3.5.1}{\376\377\123\125\116\052\153\143\140\001\140\073\117\123\127\107\120\074\166\204\177\156\117\341\123\072\225\364}{section.3.5}% 41
\BOOKMARK [2][-]{subsection.3.5.2}{\376\377\123\125\116\052\153\143\140\001\140\073\117\123\145\271\135\356\166\204\177\156\117\341\123\072\225\364}{section.3.5}% 42
\BOOKMARK [2][-]{subsection.3.5.3}{\376\377\116\044\116\052\153\143\140\001\140\073\117\123\127\107\120\074\135\356\166\204\177\156\117\341\123\072\225\364}{section.3.5}% 43
\BOOKMARK [2][-]{subsection.3.5.4}{\376\377\116\044\116\052\153\143\140\001\140\073\117\123\145\271\135\356\153\324\166\204\177\156\117\341\123\072\225\364}{section.3.5}% 44
\BOOKMARK [1][-]{section.3.6}{\376\377\000\050\0000\000-\0001\000\051\000\040\122\006\136\003\123\302\145\160\166\204\123\072\225\364\117\060\213\241}{chapter.3}% 45
\BOOKMARK [1][-]{section.3.7}{\376\377\123\125\117\247\177\156\117\341\123\072\225\364}{chapter.3}% 46
\BOOKMARK [0][-]{chapter.4}{\376\377\120\107\213\276\150\300\232\214}{part.1}% 47
\BOOKMARK [1][-]{section.4.1}{\376\377\120\107\213\276\150\300\232\214\166\204\127\372\147\054\151\202\137\365}{chapter.4}% 48
\BOOKMARK [2][-]{subsection.4.1.1}{\376\377\120\107\213\276\150\300\232\214\225\356\230\230}{section.4.1}% 49
\BOOKMARK [2][-]{subsection.4.1.2}{\376\377\116\044\174\173\225\031\213\357}{section.4.1}% 50
\BOOKMARK [2][-]{subsection.4.1.3}{\376\377\142\322\176\335\127\337\116\016\150\300\232\214\176\337\213\241\221\317}{section.4.1}% 51
\BOOKMARK [1][-]{section.4.2}{\376\377\153\143\140\001\140\073\117\123\127\107\120\074\166\204\120\107\213\276\150\300\232\214}{chapter.4}% 52
\BOOKMARK [2][-]{subsection.4.2.1}{\376\377\123\125\116\052\153\143\140\001\140\073\117\123\127\107\120\074\166\204\150\300\232\214}{section.4.2}% 53
\BOOKMARK [2][-]{subsection.4.2.2}{\376\377\116\044\116\052\153\143\140\001\140\073\117\123\127\107\120\074\135\356\166\204\150\300\232\214}{section.4.2}% 54
\BOOKMARK [2][-]{subsection.4.2.3}{\376\377\221\115\133\371\145\160\143\156\166\204\000\040\000t\000\040\150\300\232\214}{section.4.2}% 55
\BOOKMARK [1][-]{section.4.3}{\376\377\153\143\140\001\140\073\117\123\145\271\135\356\166\204\120\107\213\276\150\300\232\214}{chapter.4}% 56
\BOOKMARK [2][-]{subsection.4.3.1}{\376\377\123\125\116\052\153\143\140\001\140\073\117\123\145\271\135\356\166\204\150\300\232\214\000\040\040\024\000\040\0002\000\040\150\300\232\214}{section.4.3}% 57
\BOOKMARK [2][-]{subsection.4.3.2}{\376\377\116\044\116\052\153\143\140\001\140\073\117\123\145\271\135\356\153\324\166\204\150\300\232\214\000\040\040\024\000\040\000F\000\040\150\300\232\214}{section.4.3}% 58
\BOOKMARK [1][-]{section.4.4}{\376\377\177\156\117\341\123\072\225\364\116\016\120\107\213\276\150\300\232\214\116\113\225\364\166\204\121\163\174\373}{chapter.4}% 59
\BOOKMARK [1][-]{section.4.5}{\376\377\150\067\147\054\133\271\221\317\166\204\220\011\123\326}{chapter.4}% 60
\BOOKMARK [2][-]{subsection.4.5.1}{\376\377\000Z\000\040\150\300\232\214\166\204\150\067\147\054\133\271\221\317}{section.4.5}% 61
\BOOKMARK [2][-]{subsection.4.5.2}{\376\377\000t\000\040\150\300\232\214\166\204\150\067\147\054\133\271\221\317}{section.4.5}% 62
\BOOKMARK [2][-]{subsection.4.5.3}{\376\377\137\161\124\315\150\067\147\054\133\271\221\317\166\204\126\340\175\040}{section.4.5}% 63
\BOOKMARK [1][-]{section.4.6}{\376\377\122\006\136\003\142\337\124\010\150\300\232\214}{chapter.4}% 64
\BOOKMARK [2][-]{subsection.4.6.1}{\376\377\0002\000\040\142\337\124\010\117\030\136\246\150\300\232\214}{section.4.6}% 65
\BOOKMARK [2][-]{subsection.4.6.2}{\376\377\153\143\140\001\140\047\150\300\232\214\151\202\217\360}{section.4.6}% 66
\BOOKMARK [1][-]{section.4.7}{\376\377\171\351\124\214\150\300\232\214}{chapter.4}% 67
\BOOKMARK [2][-]{subsection.4.7.1}{\376\377\000W\000i\000l\000c\000o\000x\000o\000n\000\040\171\351\124\214\150\300\232\214\377\010\116\044\162\354\172\313\150\067\147\054\377\011}{section.4.7}% 68
\BOOKMARK [2][-]{subsection.4.7.2}{\376\377\000W\000i\000l\000c\000o\000x\000o\000n\000\040\173\046\123\367\171\351\150\300\232\214\377\010\221\115\133\371\150\067\147\054\377\011}{section.4.7}% 69
\BOOKMARK [1][-]{section.4.8}{\376\377\120\107\213\276\150\300\232\214\225\356\230\230\166\204\000\040\000p\000\040\120\074\150\300\232\214\154\325}{chapter.4}% 70
\BOOKMARK [2][-]{subsection.4.8.1}{\376\377\000p\000\040\120\074\166\204\133\232\116\111}{section.4.8}% 71
\BOOKMARK [2][-]{subsection.4.8.2}{\376\377\000p\000\040\120\074\166\204\211\343\221\312}{section.4.8}% 72
\BOOKMARK [2][-]{subsection.4.8.3}{\376\377\000p\000\040\120\074\116\016\177\156\117\341\123\072\225\364\166\204\121\163\174\373}{section.4.8}% 73
\BOOKMARK [0][-]{chapter.5}{\376\377\145\271\135\356\122\006\147\220\123\312\126\336\137\122\122\006\147\220}{part.1}% 74
\BOOKMARK [1][-]{section.5.1}{\376\377\123\125\126\340\175\040\213\325\232\214\166\204\145\271\135\356\122\006\147\220}{chapter.5}% 75
\BOOKMARK [2][-]{subsection.5.1.1}{\376\377\225\356\230\230\166\204\143\320\121\372}{section.5.1}% 76
\BOOKMARK [2][-]{subsection.5.1.2}{\376\377\136\163\145\271\124\214\122\006\211\343}{section.5.1}% 77
\BOOKMARK [2][-]{subsection.5.1.3}{\376\377\000F\000\040\150\300\232\214}{section.5.1}% 78
\BOOKMARK [2][-]{subsection.5.1.4}{\376\377\131\032\221\315\153\324\217\203}{section.5.1}% 79
\BOOKMARK [1][-]{section.5.2}{\376\377\123\314\126\340\175\040\213\325\232\214\166\204\145\271\135\356\122\006\147\220}{chapter.5}% 80
\BOOKMARK [2][-]{subsection.5.2.1}{\376\377\145\340\116\244\116\222\117\134\165\050\166\204\123\314\126\340\175\040\000\040\000A\000N\000O\000V\000A}{section.5.2}% 81
\BOOKMARK [2][-]{subsection.5.2.2}{\376\377\147\011\116\244\116\222\117\134\165\050\166\204\123\314\126\340\175\040\000\040\000A\000N\000O\000V\000A}{section.5.2}% 82
\BOOKMARK [1][-]{section.5.3}{\376\377\116\000\121\103\176\277\140\047\126\336\137\122}{chapter.5}% 83
\BOOKMARK [2][-]{subsection.5.3.1}{\376\377\152\041\127\213\116\016\120\107\213\276}{section.5.3}% 84
\BOOKMARK [2][-]{subsection.5.3.2}{\376\377\147\000\134\017\116\214\116\130\117\060\213\241\000\040\000\050\000O\000L\000S\000\051}{section.5.3}% 85
\BOOKMARK [2][-]{subsection.5.3.3}{\376\377\142\337\124\010\117\030\136\246\377\032\000R\0002}{section.5.3}% 86
\BOOKMARK [2][-]{subsection.5.3.4}{\376\377\126\336\137\122\174\373\145\160\166\204\120\107\213\276\150\300\232\214}{section.5.3}% 87
\BOOKMARK [2][-]{subsection.5.3.5}{\376\377\177\156\117\341\123\072\225\364\116\016\230\204\155\113\123\072\225\364}{section.5.3}% 88
\BOOKMARK [1][-]{section.5.4}{\376\377\131\032\121\103\176\277\140\047\126\336\137\122}{chapter.5}% 89
\BOOKMARK [2][-]{subsection.5.4.1}{\376\377\152\041\127\213\116\016\167\351\226\065\137\142\137\017}{section.5.4}% 90
\BOOKMARK [2][-]{subsection.5.4.2}{\376\377\147\000\134\017\116\214\116\130\117\060\213\241}{section.5.4}% 91
\BOOKMARK [2][-]{subsection.5.4.3}{\376\377\146\076\204\127\140\047\150\300\232\214}{section.5.4}% 92
\BOOKMARK [2][-]{subsection.5.4.4}{\376\377\131\032\221\315\121\161\176\277\140\047}{section.5.4}% 93
\BOOKMARK [2][-]{subsection.5.4.5}{\376\377\126\336\137\122\213\312\145\255\377\032\120\107\213\276\232\214\213\301}{section.5.4}% 94
\BOOKMARK [2][-]{subsection.5.4.6}{\376\377\155\367\124\010\145\110\136\224\152\041\127\213\173\200\116\313}{section.5.4}% 95
\BOOKMARK [2][-]{subsection.5.4.7}{\376\377\122\006\117\115\145\160\126\336\137\122\377\010\000Q\000u\000a\000n\000t\000i\000l\000e\000\040\000R\000e\000g\000r\000e\000s\000s\000i\000o\000n\377\011}{section.5.4}% 96
\BOOKMARK [2][-]{subsection.5.4.8}{\376\377\152\041\127\213\220\011\142\351}{section.5.4}% 97
\BOOKMARK [0][-]{chapter.6}{\376\377\000B\000o\000o\000t\000s\000t\000r\000a\000p\000\040\145\271\154\325}{part.1}% 98
\BOOKMARK [1][-]{section.6.1}{\376\377\227\136\123\302\145\160\000\040\000B\000o\000o\000t\000s\000t\000r\000a\000p\000\040\145\271\154\325}{chapter.6}% 99
\BOOKMARK [2][-]{subsection.6.1.1}{\376\377\127\372\147\054\140\035\140\363}{section.6.1}% 100
\BOOKMARK [2][-]{subsection.6.1.2}{\376\377\000B\000o\000o\000t\000s\000t\000r\000a\000p\000\040\150\007\121\306\213\357}{section.6.1}% 101
\BOOKMARK [2][-]{subsection.6.1.3}{\376\377\000B\000o\000o\000t\000s\000t\000r\000a\000p\000\040\177\156\117\341\123\072\225\364}{section.6.1}% 102
\BOOKMARK [2][-]{subsection.6.1.4}{\376\377\116\072\116\300\116\110\147\011\145\076\126\336\142\275\150\067\377\037}{section.6.1}% 103
\BOOKMARK [1][-]{section.6.2}{\376\377\123\302\145\160\000\040\000B\000o\000o\000t\000s\000t\000r\000a\000p\000\040\145\271\154\325}{chapter.6}% 104
\BOOKMARK [2][-]{subsection.6.2.1}{\376\377\116\016\227\136\123\302\145\160\000\040\000B\000o\000o\000t\000s\000t\000r\000a\000p\000\040\166\204\123\072\122\053}{section.6.2}% 105
\BOOKMARK [2][-]{subsection.6.2.2}{\376\377\173\227\154\325}{section.6.2}% 106
\BOOKMARK [2][-]{subsection.6.2.3}{\376\377\117\125\145\366\165\050\124\352\171\315\000\040\000B\000o\000o\000t\000s\000t\000r\000a\000p\377\037}{section.6.2}% 107
\BOOKMARK [2][-]{subsection.6.2.4}{\376\377\000C\000l\000u\000s\000t\000e\000r\000\040\000B\000o\000o\000t\000s\000t\000r\000a\000p\377\010\200\132\174\173\201\352\122\251\154\325\377\011}{section.6.2}% 108
\BOOKMARK [0][-]{chapter.7}{\376\377\176\337\213\241\133\236\215\365\377\032\116\316\136\372\152\041\122\060\142\245\124\112}{part.1}% 109
\BOOKMARK [1][-]{section.7.1}{\376\377\000R\0002\000\040\116\016\000\040\000p\000\040\120\074\166\204\123\072\122\053\116\016\200\124\174\373}{chapter.7}% 110
\BOOKMARK [2][-]{subsection.7.1.1}{\376\377\150\106\147\266\133\371\153\324}{section.7.1}% 111
\BOOKMARK [2][-]{subsection.7.1.2}{\376\377\116\072\116\300\116\110\000\040\000R\0002\000\040\137\210\117\116\117\106\000\040\000p\000\040\120\074\123\357\116\345\146\076\204\127\377\037}{section.7.1}% 112
\BOOKMARK [2][-]{subsection.7.1.3}{\376\377\165\050\040\034\134\004\121\373\227\166\133\120\040\035\164\006\211\343\116\214\200\005}{section.7.1}% 113
\BOOKMARK [2][-]{subsection.7.1.4}{\376\377\126\333\171\315\176\304\124\010\122\044\145\255\210\150}{section.7.1}% 114
\BOOKMARK [2][-]{subsection.7.1.5}{\376\377\136\070\211\301\213\357\123\072\176\240\153\143}{section.7.1}% 115
\BOOKMARK [1][-]{section.7.2}{\376\377\126\340\175\040\122\006\147\220\166\204\150\007\121\306\155\101\172\013}{chapter.7}% 116
\BOOKMARK [2][-]{subsection.7.2.1}{\376\377\173\054\000\040\0001\000\040\153\145\377\032\166\370\121\163\140\047\142\153\143\317\000\040\040\024\040\024\000\040\167\013\145\271\124\021\124\214\146\076\204\127\140\047}{section.7.2}% 117
\BOOKMARK [2][-]{subsection.7.2.2}{\376\377\173\054\000\040\0002\000\040\153\145\377\032\136\372\172\313\126\336\137\122\152\041\127\213\000\040\040\024\040\024\000\040\221\317\123\026\145\110\136\224\131\047\134\017}{section.7.2}% 118
\BOOKMARK [2][-]{subsection.7.2.3}{\376\377\173\054\000\040\0003\000\040\153\145\377\032\152\041\127\213\213\312\145\255\000\040\040\024\040\024\000\040\232\214\213\301\120\107\213\276}{section.7.2}% 119
\BOOKMARK [2][-]{subsection.7.2.4}{\376\377\173\054\000\040\0004\000\040\153\145\377\032\152\041\127\213\145\071\217\333\000\040\040\024\040\024\000\040\116\316\173\200\123\125\122\060\131\015\147\102}{section.7.2}% 120
\BOOKMARK [2][-]{subsection.7.2.5}{\376\377\173\054\000\040\0005\000\040\153\145\377\032\142\245\124\112\116\016\211\343\221\312\000\040\040\024\040\024\000\040\213\262\131\175\145\105\116\213}{section.7.2}% 121
\BOOKMARK [2][-]{subsection.7.2.6}{\376\377\133\214\145\164\155\101\172\013\126\376}{section.7.2}% 122
\BOOKMARK [1][-]{section.7.3}{\376\377\000A\000P\000A\000\040\133\146\147\057\142\245\124\112\211\304\203\003}{chapter.7}% 123
\BOOKMARK [2][-]{subsection.7.3.1}{\376\377\150\070\137\303\123\237\122\031}{section.7.3}% 124
\BOOKMARK [2][-]{subsection.7.3.2}{\376\377\136\070\211\301\176\337\213\241\221\317\166\204\000\040\000A\000P\000A\000\040\142\245\124\112\150\074\137\017}{section.7.3}% 125
\BOOKMARK [2][-]{subsection.7.3.3}{\376\377\000p\000\040\120\074\166\204\121\231\154\325}{section.7.3}% 126
\BOOKMARK [2][-]{subsection.7.3.4}{\376\377\133\214\145\164\142\245\124\112\171\072\117\213}{section.7.3}% 127
\BOOKMARK [2][-]{subsection.7.3.5}{\376\377\136\372\152\041\172\336\215\133\213\272\145\207\166\204\000\040\000A\000P\000A\000\040\117\177\165\050\211\201\160\271}{section.7.3}% 128
\BOOKMARK [1][-]{section.7.4}{\376\377\145\271\154\325\220\011\142\351\220\037\147\345\210\150}{chapter.7}% 129
\BOOKMARK [0][-]{chapter.8}{\376\377\117\341\140\157\213\272\127\372\170\100}{part.1}% 130
\BOOKMARK [1][-]{section.8.1}{\376\377\127\372\147\054\151\202\137\365}{chapter.8}% 131
\BOOKMARK [-1][-]{part.2}{\376\377\173\054\116\214\220\350\122\006\000\040\147\072\126\150\133\146\116\140}{}% 132
\BOOKMARK [0][-]{chapter.9}{\376\377\167\351\226\065\217\320\173\227\116\016\137\040\221\317\213\260\123\367}{part.2}% 133
\BOOKMARK [1][-]{section.9.1}{\376\377\217\371\217\320\173\227}{chapter.9}% 134
\BOOKMARK [1][-]{section.9.2}{\376\377\153\143\133\232\116\016\123\112\153\143\133\232\167\351\226\065}{chapter.9}% 135
\BOOKMARK [1][-]{section.9.3}{\376\377\167\351\226\065\154\102\133\374}{chapter.9}% 136
\BOOKMARK [2][-]{subsection.9.3.1}{\376\377\150\007\221\317\133\371\124\021\221\317\166\204\133\374\145\160}{section.9.3}% 137
\BOOKMARK [2][-]{subsection.9.3.2}{\376\377\150\007\221\317\133\371\167\351\226\065\166\204\133\374\145\160}{section.9.3}% 138
\BOOKMARK [2][-]{subsection.9.3.3}{\376\377\124\021\221\317\133\371\124\021\221\317\166\204\133\374\145\160\377\010\226\305\123\357\153\324\167\351\226\065\377\011}{section.9.3}% 139
\BOOKMARK [1][-]{section.9.4}{\376\377\137\040\221\317\122\006\147\220\166\204\143\007\150\007\213\260\123\367}{chapter.9}% 140
\BOOKMARK [2][-]{subsection.9.4.1}{\376\377\000E\000i\000n\000s\000t\000e\000i\000n\000\040\154\102\124\214\176\246\133\232}{section.9.4}% 141
\BOOKMARK [2][-]{subsection.9.4.2}{\376\377\000K\000r\000o\000n\000e\000c\000k\000e\000r\000\040\000\040\173\046\123\367}{section.9.4}% 142
\BOOKMARK [2][-]{subsection.9.4.3}{\376\377\120\117\133\374\145\160\166\204\143\007\150\007\121\231\154\325}{section.9.4}% 143
\BOOKMARK [2][-]{subsection.9.4.4}{\376\377\167\351\226\065\133\371\150\007\221\317\166\204\133\374\145\160}{section.9.4}% 144
\BOOKMARK [2][-]{subsection.9.4.5}{\376\377\117\125\145\366\165\050\167\351\226\065\213\260\123\367\377\014\117\125\145\366\165\050\143\007\150\007\213\260\123\367}{section.9.4}% 145
\BOOKMARK [1][-]{section.9.5}{\376\377\214\061\122\006\211\343\116\016\131\107\137\002\120\074\122\006\211\343\000\040\000\050\000S\000V\000D\000\051}{chapter.9}% 146
\BOOKMARK [2][-]{subsection.9.5.1}{\376\377\133\371\171\360\167\351\226\065\166\204\214\061\122\006\211\343}{section.9.5}% 147
\BOOKMARK [2][-]{subsection.9.5.2}{\376\377\131\107\137\002\120\074\122\006\211\343\377\010\000S\000V\000D\377\011}{section.9.5}% 148
\BOOKMARK [1][-]{section.9.6}{\376\377\167\351\226\065\203\003\145\160}{chapter.9}% 149
\BOOKMARK [1][-]{section.9.7}{\376\377\121\163\225\056\140\122\173\111\137\017}{chapter.9}% 150
\BOOKMARK [2][-]{subsection.9.7.1}{\376\377\000W\000o\000o\000d\000b\000u\000r\000y\000\040\167\351\226\065\154\102\220\006\121\154\137\017}{section.9.7}% 151
\BOOKMARK [2][-]{subsection.9.7.2}{\376\377\167\351\226\065\154\102\220\006\137\025\164\006\377\010\000W\000o\000o\000d\000b\000u\000r\000y\000\040\166\204\162\171\117\213\377\011}{section.9.7}% 152
\BOOKMARK [2][-]{subsection.9.7.3}{\376\377\147\037\147\033\166\204\116\214\153\041\127\213}{section.9.7}% 153
\BOOKMARK [0][-]{chapter.10}{\376\377\176\337\213\241\133\146\116\140\133\374\213\272}{part.2}% 154
\BOOKMARK [1][-]{section.10.1}{\376\377\166\321\167\143\133\146\116\140\166\204\145\160\133\146\150\106\147\266}{chapter.10}% 155
\BOOKMARK [2][-]{subsection.10.1.1}{\376\377\127\372\147\054\213\276\133\232}{section.10.1}% 156
\BOOKMARK [2][-]{subsection.10.1.2}{\376\377\143\137\131\061\121\375\145\160}{section.10.1}% 157
\BOOKMARK [2][-]{subsection.10.1.3}{\376\377\147\037\147\033\230\316\226\151\116\016\176\317\232\214\230\316\226\151}{section.10.1}% 158
\BOOKMARK [2][-]{subsection.10.1.4}{\376\377\000E\000P\000E\000\040\116\016\000\040\000E\000R\000M\377\032\164\006\140\363\116\016\163\260\133\236\166\204\150\145\150\201}{section.10.1}% 159
\BOOKMARK [2][-]{subsection.10.1.5}{\376\377\147\000\117\030\230\204\155\113\126\150\377\032\126\336\137\122\121\375\145\160}{section.10.1}% 160
\BOOKMARK [2][-]{subsection.10.1.6}{\376\377\116\044\171\315\136\372\152\041\173\126\165\145}{section.10.1}% 161
\BOOKMARK [2][-]{subsection.10.1.7}{\376\377\133\214\145\164\171\072\117\213\377\032\116\316\145\160\143\156\122\060\230\204\155\113}{section.10.1}% 162
\BOOKMARK [2][-]{subsection.10.1.8}{\376\377\164\006\213\272\126\336\167\013\377\032\116\316\147\000\117\030\230\204\155\113\126\150\122\060\133\236\226\105\117\060\213\241\126\150}{section.10.1}% 163
\BOOKMARK [2][-]{subsection.10.1.9}{\376\377\176\337\213\241\133\146\116\140\000\040\000v\000s\000\040\176\317\121\170\176\337\213\241\377\032\116\044\171\315\143\250\164\006\150\106\147\266}{section.10.1}% 164
\BOOKMARK [1][-]{section.10.2}{\376\377\145\340\166\321\167\143\133\146\116\140\166\204\145\160\133\146\150\106\147\266}{chapter.10}% 165
\BOOKMARK [2][-]{subsection.10.2.1}{\376\377\127\372\147\054\213\276\133\232}{section.10.2}% 166
\BOOKMARK [2][-]{subsection.10.2.2}{\376\377\200\132\174\173}{section.10.2}% 167
\BOOKMARK [2][-]{subsection.10.2.3}{\376\377\133\306\136\246\117\060\213\241}{section.10.2}% 168
\BOOKMARK [2][-]{subsection.10.2.4}{\376\377\226\115\176\364}{section.10.2}% 169
\BOOKMARK [1][-]{section.10.3}{\376\377\166\321\167\143\133\146\116\140\116\016\145\340\166\321\167\143\133\146\116\140\166\204\133\371\153\324}{chapter.10}% 170
\BOOKMARK [1][-]{section.10.4}{\376\377\176\364\145\160\160\176\226\276\116\016\232\330\176\364\172\172\225\364\116\055\166\204\134\100\220\350\145\271\154\325}{chapter.10}% 171
\BOOKMARK [2][-]{subsection.10.4.1}{\376\377\123\125\117\115\215\205\172\313\145\271\117\123\116\055\166\204\220\273\127\337}{section.10.4}% 172
\BOOKMARK [2][-]{subsection.10.4.2}{\376\377\147\037\147\033\220\273\127\337\217\271\225\177}{section.10.4}% 173
\BOOKMARK [2][-]{subsection.10.4.3}{\376\377\0001\000-\000N\000N\000\040\166\204\120\117\135\356\000-\145\271\135\356\122\006\211\343\377\010\232\330\176\364\171\072\117\213\377\011}{section.10.4}% 174
\BOOKMARK [2][-]{subsection.10.4.4}{\376\377\176\277\140\047\152\041\127\213\000\040\000v\000s\000\040\0001\000-\000N\000N\377\032\232\330\176\364\116\013\166\204\000\040\000E\000P\000E\000\040\133\371\153\324}{section.10.4}% 175
\BOOKMARK [2][-]{subsection.10.4.5}{\376\377\176\364\145\160\160\176\226\276\166\204\137\142\137\017\123\026\133\232\116\111\116\016\124\057\171\072}{section.10.4}% 176
\BOOKMARK [1][-]{section.10.5}{\376\377\176\337\213\241\133\146\116\140\166\204\127\372\147\054\150\106\147\266\377\032\116\316\152\041\127\213\122\060\117\060\213\241}{chapter.10}% 177
\BOOKMARK [2][-]{subsection.10.5.1}{\376\377\122\240\140\047\213\357\135\356\152\041\127\213\116\016\147\141\116\366\147\037\147\033}{section.10.5}% 178
\BOOKMARK [2][-]{subsection.10.5.2}{\376\377\147\141\116\366\145\271\135\356\377\032\116\072\116\300\116\110\123\357\116\345\116\015\146\057\136\070\145\160}{section.10.5}% 179
\BOOKMARK [2][-]{subsection.10.5.3}{\376\377\147\037\147\033\230\204\155\113\213\357\135\356\116\016\147\000\117\030\230\204\155\113\126\150}{section.10.5}% 180
\BOOKMARK [2][-]{subsection.10.5.4}{\376\377\166\321\167\143\133\146\116\140\166\204\145\160\133\146\210\150\217\360}{section.10.5}% 181
\BOOKMARK [2][-]{subsection.10.5.5}{\376\377\121\375\145\160\220\074\217\321\211\306\211\322}{section.10.5}% 182
\BOOKMARK [2][-]{subsection.10.5.6}{\376\377\123\302\145\160\117\060\213\241\000\040\000I\377\032\147\000\134\017\116\214\116\130\154\325}{section.10.5}% 183
\BOOKMARK [2][-]{subsection.10.5.7}{\376\377\123\302\145\160\117\060\213\241\000\040\000I\000I\377\032\147\201\131\047\117\074\161\066\117\060\213\241}{section.10.5}% 184
\BOOKMARK [2][-]{subsection.10.5.8}{\376\377\123\302\145\160\117\060\213\241\000\040\000I\000I\000I\377\032\116\316\000\040\000E\000P\000E\000\040\122\060\000\040\000E\000R\000M}{section.10.5}% 185
\BOOKMARK [2][-]{subsection.10.5.9}{\376\377\145\340\176\246\147\137\147\000\134\017\123\026\166\204\150\071\147\054\126\360\130\203}{section.10.5}% 186
\BOOKMARK [2][-]{subsection.10.5.10}{\376\377\123\327\226\120\122\066\166\204\117\060\213\241\221\317\377\032\121\340\174\173\176\317\121\170\145\271\154\325}{section.10.5}% 187
\BOOKMARK [2][-]{subsection.10.5.11}{\376\377\152\041\127\213\220\011\142\351\116\016\120\117\135\356\000-\145\271\135\356\147\103\210\141}{section.10.5}% 188
\BOOKMARK [2][-]{subsection.10.5.12}{\376\377\140\073\176\323\377\032\116\316\152\041\127\213\122\060\117\060\213\241\166\204\176\337\116\000\150\106\147\266}{section.10.5}% 189
\BOOKMARK [0][-]{chapter.11}{\376\377\176\277\140\047\126\336\137\122\152\041\127\213\116\016\147\000\134\017\116\214\116\130\154\325}{part.2}% 190
\BOOKMARK [1][-]{section.11.1}{\376\377\137\025\212\000\377\032\116\072\116\300\116\110\116\316\176\277\140\047\152\041\127\213\137\000\131\313}{chapter.11}% 191
\BOOKMARK [1][-]{section.11.2}{\376\377\176\277\140\047\126\336\137\122\152\041\127\213}{chapter.11}% 192
\BOOKMARK [2][-]{subsection.11.2.1}{\376\377\152\041\127\213\137\142\137\017}{section.11.2}% 193
\BOOKMARK [2][-]{subsection.11.2.2}{\376\377\217\223\121\145\166\204\147\145\156\220}{section.11.2}% 194
\BOOKMARK [2][-]{subsection.11.2.3}{\376\377\167\351\226\065\213\260\123\367}{section.11.2}% 195
\BOOKMARK [1][-]{section.11.3}{\376\377\147\000\134\017\116\214\116\130\117\060\213\241}{chapter.11}% 196
\BOOKMARK [2][-]{subsection.11.3.1}{\376\377\153\213\135\356\136\163\145\271\124\214}{section.11.3}% 197
\BOOKMARK [2][-]{subsection.11.3.2}{\376\377\167\351\226\065\137\142\137\017\166\204\211\343}{section.11.3}% 198
\BOOKMARK [2][-]{subsection.11.3.3}{\376\377\142\337\124\010\120\074\116\016\000\040\000H\000a\000t\000\040\000M\000a\000t\000r\000i\000x}{section.11.3}% 199
\BOOKMARK [2][-]{subsection.11.3.4}{\376\377\121\340\117\125\211\343\221\312}{section.11.3}% 200
\BOOKMARK [1][-]{section.11.4}{\376\377\117\060\213\241\221\317\166\204\142\275\150\067\140\047\215\050}{chapter.11}% 201
\BOOKMARK [2][-]{subsection.11.4.1}{\376\377\116\000\226\066\167\351\116\016\116\214\226\066\167\351\166\204\120\107\213\276}{section.11.4}% 202
\BOOKMARK [2][-]{subsection.11.4.2}{\376\377\116\011\134\102\226\120\122\066\377\032\116\316\152\041\127\213\220\011\142\351\122\060\145\340\120\117\140\047\166\204\220\073\217\221\224\376}{section.11.4}% 203
\BOOKMARK [2][-]{subsection.11.4.3}{\376\377\155\361\121\145\164\006\211\343\377\032\126\372\133\232\213\276\213\241\116\016\226\217\147\072\213\276\213\241}{section.11.4}% 204
\BOOKMARK [2][-]{subsection.11.4.4}{\376\377\147\141\116\366\143\250\145\255\377\032\133\236\215\365\116\055\117\140\167\037\153\143\127\050\120\132\166\204\116\213}{section.11.4}% 205
\BOOKMARK [2][-]{subsection.11.4.5}{\376\377\0002\000\040\166\204\145\340\120\117\117\060\213\241}{section.11.4}% 206
\BOOKMARK [2][-]{subsection.11.4.6}{\376\377\123\125\116\052\174\373\145\160\166\204\145\271\135\356}{section.11.4}% 207
\BOOKMARK [1][-]{section.11.5}{\376\377\153\143\140\001\120\107\213\276\116\013\166\204\143\250\145\255}{chapter.11}% 208
\BOOKMARK [2][-]{subsection.11.5.1}{\376\377\153\143\140\001\213\357\135\356\120\107\213\276}{section.11.5}% 209
\BOOKMARK [2][-]{subsection.11.5.2}{\376\377\000\040\166\204\142\275\150\067\122\006\136\003}{section.11.5}% 210
\BOOKMARK [2][-]{subsection.11.5.3}{\376\377\123\125\116\052\174\373\145\160\166\204\150\300\232\214\377\032\000t\000\040\150\300\232\214\122\060\136\225\127\050\150\300\232\214\116\300\116\110\377\037}{section.11.5}% 211
\BOOKMARK [2][-]{subsection.11.5.4}{\376\377\177\156\117\341\123\072\225\364\116\016\146\076\204\127\140\047\150\300\232\214}{section.11.5}% 212
\BOOKMARK [2][-]{subsection.11.5.5}{\376\377\217\333\116\000\153\145\123\357\150\300\232\214\166\204\120\107\213\276}{section.11.5}% 213
\BOOKMARK [2][-]{subsection.11.5.6}{\376\377\000F\000\040\150\300\232\214\116\016\135\114\131\127\152\041\127\213\153\324\217\203}{section.11.5}% 214
\BOOKMARK [2][-]{subsection.11.5.7}{\376\377\200\124\124\010\177\156\117\341\127\337}{section.11.5}% 215
\BOOKMARK [1][-]{section.11.6}{\376\377\232\330\145\257\000-\232\154\134\024\123\357\131\053\133\232\164\006}{chapter.11}% 216
\BOOKMARK [2][-]{subsection.11.6.1}{\376\377\133\232\164\006\226\110\217\360\116\016\141\017\116\111}{section.11.6}% 217
\BOOKMARK [2][-]{subsection.11.6.2}{\376\377\000M\000S\000E\000\040\122\006\211\343\377\032\120\117\135\356\000-\145\271\135\356\211\306\211\322}{section.11.6}% 218
\BOOKMARK [1][-]{section.11.7}{\376\377\230\204\155\113\213\357\135\356\166\204\122\006\211\343}{chapter.11}% 219
\BOOKMARK [2][-]{subsection.11.7.1}{\376\377\145\260\211\302\155\113\166\204\230\204\155\113}{section.11.7}% 220
\BOOKMARK [2][-]{subsection.11.7.2}{\376\377\147\037\147\033\230\204\155\113\213\357\135\356\000\040\000\050\000E\000x\000p\000e\000c\000t\000e\000d\000\040\000P\000r\000e\000d\000i\000c\000t\000i\000o\000n\000\040\000E\000r\000r\000o\000r\000\051}{section.11.7}% 221
\BOOKMARK [2][-]{subsection.11.7.3}{\376\377\213\255\176\303\213\357\135\356\000\040\000v\000s\000\040\230\204\155\113\213\357\135\356}{section.11.7}% 222
\BOOKMARK [1][-]{section.11.8}{\376\377\131\032\121\103\126\336\137\122\117\134\116\072\123\125\123\330\221\317\126\336\137\122\166\204\123\340\122\240}{chapter.11}% 223
\BOOKMARK [2][-]{subsection.11.8.1}{\376\377\123\125\123\330\221\317\126\336\137\122\166\204\147\000\134\017\116\214\116\130}{section.11.8}% 224
\BOOKMARK [2][-]{subsection.11.8.2}{\376\377\147\011\142\052\215\335\145\366\166\204\131\004\164\006}{section.11.8}% 225
\BOOKMARK [2][-]{subsection.11.8.3}{\376\377\143\250\136\177\122\060\131\032\121\103\377\032\153\143\116\244\123\026\000\040\000\050\000G\000r\000a\000m\000-\000S\000c\000h\000m\000i\000d\000t\000\051}{section.11.8}% 226
\BOOKMARK [2][-]{subsection.11.8.4}{\376\377\166\364\211\302\164\006\211\343}{section.11.8}% 227
\BOOKMARK [2][-]{subsection.11.8.5}{\376\377\000Q\000R\000\040\122\006\211\343\377\032\116\316\000\040\000G\000r\000a\000m\000-\000S\000c\000h\000m\000i\000d\000t\000\040\122\060\145\160\120\074\213\241\173\227}{section.11.8}% 228
\BOOKMARK [1][-]{section.11.9}{\376\377\131\032\217\223\121\372\126\336\137\122\000\040\000\050\000M\000u\000l\000t\000i\000p\000l\000e\000\040\000O\000u\000t\000p\000u\000t\000s\000\051}{chapter.11}% 229
\BOOKMARK [2][-]{subsection.11.9.1}{\376\377\152\041\127\213\137\142\137\017}{section.11.9}% 230
\BOOKMARK [2][-]{subsection.11.9.2}{\376\377\167\351\226\065\137\142\137\017}{section.11.9}% 231
\BOOKMARK [2][-]{subsection.11.9.3}{\376\377\147\000\134\017\116\214\116\130\117\060\213\241}{section.11.9}% 232
\BOOKMARK [2][-]{subsection.11.9.4}{\376\377\137\123\213\357\135\356\215\350\217\223\121\372\166\370\121\163\145\366}{section.11.9}% 233
\BOOKMARK [1][-]{section.11.10}{\376\377\133\236\117\213\377\032\122\115\122\027\201\172\166\114\145\160\143\156}{chapter.11}% 234
\BOOKMARK [2][-]{subsection.11.10.1}{\376\377\123\330\221\317\213\364\146\016}{section.11.10}% 235
\BOOKMARK [2][-]{subsection.11.10.2}{\376\377\230\204\155\113\123\330\221\317\166\204\166\370\121\163\167\351\226\065}{section.11.10}% 236
\BOOKMARK [2][-]{subsection.11.10.3}{\376\377\121\150\152\041\127\213\126\336\137\122\176\323\147\234}{section.11.10}% 237
\BOOKMARK [2][-]{subsection.11.10.4}{\376\377\000F\000\040\150\300\232\214\377\032\134\017\152\041\127\213\000\040\000v\000s\000\040\131\047\152\041\127\213}{section.11.10}% 238
\BOOKMARK [1][-]{section.11.11}{\376\377\133\214\145\164\171\072\117\213\377\032\142\113\173\227\116\000\116\052\176\277\140\047\126\336\137\122}{chapter.11}% 239
\BOOKMARK [2][-]{subsection.11.11.1}{\376\377\145\160\143\156\116\016\152\041\127\213}{section.11.11}% 240
\BOOKMARK [2][-]{subsection.11.11.2}{\376\377\000S\000t\000e\000p\000\040\0001\377\032\117\060\213\241\000\040}{section.11.11}% 241
\BOOKMARK [2][-]{subsection.11.11.3}{\376\377\000S\000t\000e\000p\000\040\0002\377\032\142\337\124\010\120\074\116\016\153\213\135\356}{section.11.11}% 242
\BOOKMARK [2][-]{subsection.11.11.4}{\376\377\000S\000t\000e\000p\000\040\0003\377\032\0002\000\040\166\204\145\340\120\117\117\060\213\241}{section.11.11}% 243
\BOOKMARK [2][-]{subsection.11.11.5}{\376\377\000S\000t\000e\000p\000\040\0004\377\032\174\373\145\160\166\204\150\007\121\306\213\357\116\016\000\040\000t\000\040\150\300\232\214}{section.11.11}% 244
\BOOKMARK [2][-]{subsection.11.11.6}{\376\377\000S\000t\000e\000p\000\040\0005\377\032\000F\000\040\150\300\232\214\040\024\040\024\134\017\152\041\127\213\000\040\000v\000s\000\040\131\047\152\041\127\213}{section.11.11}% 245
\BOOKMARK [2][-]{subsection.11.11.7}{\376\377\000S\000t\000e\000p\000\040\0006\377\032\000R\0002\000\040\116\016\152\041\127\213\211\343\221\312\122\233}{section.11.11}% 246
\BOOKMARK [2][-]{subsection.11.11.8}{\376\377\000S\000t\000e\000p\000\040\0007\377\032\0009\0005\000\045\000\040\177\156\117\341\123\072\225\364}{section.11.11}% 247
\BOOKMARK [2][-]{subsection.11.11.9}{\376\377\000S\000t\000e\000p\000\040\0008\377\032\230\204\155\113\145\260\211\302\155\113}{section.11.11}% 248
\BOOKMARK [2][-]{subsection.11.11.10}{\376\377\140\073\176\323\377\032\116\316\217\331\116\052\117\213\133\120\133\146\122\060\116\206\116\300\116\110}{section.11.11}% 249
\BOOKMARK [1][-]{section.11.12}{\376\377\133\120\226\306\220\011\142\351\116\016\174\373\145\160\145\066\177\051}{chapter.11}% 250
\BOOKMARK [2][-]{subsection.11.12.1}{\376\377\116\072\116\300\116\110\211\201\215\205\215\212\147\000\134\017\116\214\116\130\377\037}{section.11.12}% 251
\BOOKMARK [2][-]{subsection.11.12.2}{\376\377\147\000\117\030\133\120\226\306\220\011\142\351\000\040\000\050\000B\000e\000s\000t\000-\000S\000u\000b\000s\000e\000t\000\040\000S\000e\000l\000e\000c\000t\000i\000o\000n\000\051}{section.11.12}% 252
\BOOKMARK [2][-]{subsection.11.12.3}{\376\377\220\020\153\145\220\011\142\351\000\040\000\050\000S\000t\000e\000p\000w\000i\000s\000e\000\040\000S\000e\000l\000e\000c\000t\000i\000o\000n\000\051}{section.11.12}% 253
\BOOKMARK [2][-]{subsection.11.12.4}{\376\377\122\115\124\021\122\006\153\265\126\336\137\122\000\040\000\050\000F\000o\000r\000w\000a\000r\000d\000-\000S\000t\000a\000g\000e\000w\000i\000s\000e\000\040\000R\000e\000g\000r\000e\000s\000s\000i\000o\000n\000\051}{section.11.12}% 254
\BOOKMARK [2][-]{subsection.11.12.5}{\376\377\134\017\176\323\377\032\133\120\226\306\220\011\142\351\166\204\176\337\116\000\211\306\211\322}{section.11.12}% 255
\BOOKMARK [1][-]{section.11.13}{\376\377\145\066\177\051\145\271\154\325\000\040\000\050\000S\000h\000r\000i\000n\000k\000a\000g\000e\000\040\000M\000e\000t\000h\000o\000d\000s\000\051}{chapter.11}% 256
\BOOKMARK [2][-]{subsection.11.13.1}{\376\377\122\115\122\027\201\172\166\114\133\236\117\213\126\336\230\176}{section.11.13}% 257
\BOOKMARK [2][-]{subsection.11.13.2}{\376\377\134\255\126\336\137\122\000\040\000\050\000R\000i\000d\000g\000e\000\040\000R\000e\000g\000r\000e\000s\000s\000i\000o\000n\000\051}{section.11.13}% 258
\BOOKMARK [2][-]{subsection.11.13.3}{\376\377\134\255\126\336\137\122\166\204\000\040\000S\000V\000D\000\040\211\306\211\322}{section.11.13}% 259
\BOOKMARK [2][-]{subsection.11.13.4}{\376\377\116\073\142\020\122\006\116\016\145\271\135\356\145\271\124\021}{section.11.13}% 260
\BOOKMARK [2][-]{subsection.11.13.5}{\376\377\147\011\145\110\201\352\165\061\136\246}{section.11.13}% 261
\BOOKMARK [2][-]{subsection.11.13.6}{\376\377\000L\000a\000s\000s\000o}{section.11.13}% 262
\BOOKMARK [2][-]{subsection.11.13.7}{\376\377\153\143\116\244\217\223\121\145\140\305\137\142\116\013\166\204\176\337\116\000\211\306\211\322}{section.11.13}% 263
\BOOKMARK [2][-]{subsection.11.13.8}{\376\377\121\340\117\125\166\364\211\302\377\032\000p\000=\0002\000\040\145\366\166\204\126\376\137\142\153\324\217\203}{section.11.13}% 264
\BOOKMARK [2][-]{subsection.11.13.9}{\376\377\116\000\202\054\000\040\000L\000q\000\040\140\351\177\132\116\016\215\035\123\366\145\257\176\337\116\000\211\306\211\322}{section.11.13}% 265
\BOOKMARK [2][-]{subsection.11.13.10}{\376\377\137\071\140\047\177\121\000\040\000\050\000E\000l\000a\000s\000t\000i\000c\000\040\000N\000e\000t\000\051}{section.11.13}% 266
\BOOKMARK [2][-]{subsection.11.13.11}{\376\377\147\000\134\017\211\322\126\336\137\122\000\040\000\050\000L\000A\000R\000\051\040\024\040\024\000L\000a\000s\000s\000o\000\040\166\204\232\330\145\110\173\227\154\325}{section.11.13}% 267
\BOOKMARK [2][-]{subsection.11.13.12}{\376\377\134\017\176\323\377\032\145\066\177\051\145\271\154\325\214\061\174\373}{section.11.13}% 268
\BOOKMARK [1][-]{section.11.14}{\376\377\117\177\165\050\133\374\121\372\217\223\121\145\145\271\124\021\166\204\145\271\154\325\000\040\000\050\000D\000e\000r\000i\000v\000e\000d\000\040\000I\000n\000p\000u\000t\000\040\000D\000i\000r\000e\000c\000t\000i\000o\000n\000s\000\051}{chapter.11}% 269
\BOOKMARK [2][-]{subsection.11.14.1}{\376\377\116\073\142\020\122\006\126\336\137\122\000\040\000\050\000P\000C\000R\000\051}{section.11.14}% 270
\BOOKMARK [2][-]{subsection.11.14.2}{\376\377\120\117\147\000\134\017\116\214\116\130\000\040\000\050\000P\000L\000S\000\051}{section.11.14}% 271
\BOOKMARK [2][-]{subsection.11.14.3}{\376\377\000P\000C\000R\000\040\116\016\000\040\000P\000L\000S\000\040\166\204\117\030\123\026\225\356\230\230}{section.11.14}% 272
\BOOKMARK [2][-]{subsection.11.14.4}{\376\377\155\361\121\145\164\006\211\343\000\040\000P\000L\000S\377\032\153\143\116\244\142\225\137\161\060\001\133\236\117\213\116\016\122\250\147\072}{section.11.14}% 273
\BOOKMARK [1][-]{section.11.15}{\376\377\220\011\142\351\116\016\145\066\177\051\145\271\154\325\166\204\153\324\217\203\000\040\000\050\000D\000i\000s\000c\000u\000s\000s\000i\000o\000n\000\051}{chapter.11}% 274
\BOOKMARK [1][-]{section.11.16}{\376\377\131\032\217\223\121\372\145\066\177\051\116\016\220\011\142\351}{chapter.11}% 275
\BOOKMARK [2][-]{subsection.11.16.1}{\376\377\121\170\127\213\166\370\121\163\122\006\147\220\000\040\000\050\000C\000C\000A\000\051}{section.11.16}% 276
\BOOKMARK [2][-]{subsection.11.16.2}{\376\377\226\115\171\351\126\336\137\122\000\040\000\050\000R\000e\000d\000u\000c\000e\000d\000-\000R\000a\000n\000k\000\040\000R\000e\000g\000r\000e\000s\000s\000i\000o\000n\000\051}{section.11.16}% 277
\BOOKMARK [2][-]{subsection.11.16.3}{\376\377\000C\000u\000r\000d\000s\000\040\000\046\000\040\000W\000h\000e\000y\000\040\145\066\177\051}{section.11.16}% 278
\BOOKMARK [1][-]{section.11.17}{\376\377\000L\000a\000s\000s\000o\000\040\155\361\121\145\116\016\215\357\137\204\173\227\154\325}{chapter.11}% 279
\BOOKMARK [2][-]{subsection.11.17.1}{\376\377\130\236\221\317\122\115\124\021\122\006\153\265\126\336\137\122\000\040\000\050\000I\000n\000c\000r\000e\000m\000e\000n\000t\000a\000l\000\040\000F\000o\000r\000w\000a\000r\000d\000\040\000S\000t\000a\000g\000e\000w\000i\000s\000e\000,\000\040\000F\000S\000\051}{section.11.17}% 280
\BOOKMARK [2][-]{subsection.11.17.2}{\376\377\122\006\153\265\176\277\140\047\215\357\137\204\173\227\154\325}{section.11.17}% 281
\BOOKMARK [2][-]{subsection.11.17.3}{\376\377\000D\000a\000n\000t\000z\000i\000g\000\040\220\011\142\351\126\150}{section.11.17}% 282
\BOOKMARK [2][-]{subsection.11.17.4}{\376\377\122\006\176\304\000\040\000L\000a\000s\000s\000o\000\040\000\050\000G\000r\000o\000u\000p\000e\000d\000\040\000L\000a\000s\000s\000o\000\051}{section.11.17}% 283
\BOOKMARK [2][-]{subsection.11.17.5}{\376\377\000L\000a\000s\000s\000o\000\040\166\204\217\333\116\000\153\145\140\047\215\050}{section.11.17}% 284
\BOOKMARK [2][-]{subsection.11.17.6}{\376\377\215\357\137\204\127\120\150\007\117\030\123\026\000\040\000\050\000P\000a\000t\000h\000w\000i\000s\000e\000\040\000C\000o\000o\000r\000d\000i\000n\000a\000t\000e\000\040\000D\000e\000s\000c\000e\000n\000t\000\051}{section.11.17}% 285
\BOOKMARK [1][-]{section.11.18}{\376\377\213\241\173\227\200\003\221\317}{chapter.11}% 286
\BOOKMARK [1][-]{section.11.19}{\376\377\134\017\176\323}{chapter.11}% 287
\BOOKMARK [0][-]{chapter.12}{\376\377\122\006\174\173\166\204\176\277\140\047\145\271\154\325}{part.2}% 288
\BOOKMARK [1][-]{section.12.1}{\376\377\137\025\212\000}{chapter.12}% 289
\BOOKMARK [2][-]{subsection.12.1.1}{\376\377\122\044\122\053\121\375\145\160\145\271\154\325}{section.12.1}% 290
\BOOKMARK [2][-]{subsection.12.1.2}{\376\377\000L\000o\000g\000i\000t\000\040\123\330\143\142\116\016\000\040\000L\000o\000g\000i\000s\000t\000i\000c\000\040\152\041\127\213}{section.12.1}% 291
\BOOKMARK [2][-]{subsection.12.1.3}{\376\377\133\236\144\315\155\101\172\013\377\032\116\316\176\277\140\047\121\375\145\160\122\060\122\006\174\173\121\263\173\126}{section.12.1}% 292
\BOOKMARK [2][-]{subsection.12.1.4}{\376\377\127\372\134\125\137\000\377\032\116\316\176\277\140\047\122\060\227\136\176\277\140\047}{section.12.1}% 293
\BOOKMARK [2][-]{subsection.12.1.5}{\376\377\147\054\172\340\133\371\000\040\000f\000\040\166\204\150\070\137\303\226\120\122\066}{section.12.1}% 294
\BOOKMARK [1][-]{section.12.2}{\376\377\143\007\171\072\167\351\226\065\166\204\176\277\140\047\126\336\137\122}{chapter.12}% 295
\BOOKMARK [2][-]{subsection.12.2.1}{\376\377\152\041\127\213\213\276\133\232}{section.12.2}% 296
\BOOKMARK [2][-]{subsection.12.2.2}{\376\377\164\006\213\272\117\235\143\156}{section.12.2}% 297
\BOOKMARK [2][-]{subsection.12.2.3}{\376\377\147\000\217\321\166\356\150\007\122\006\174\173\211\306\211\322}{section.12.2}% 298
\BOOKMARK [2][-]{subsection.12.2.4}{\376\377\133\214\145\164\145\160\120\074\171\072\117\213\377\010\000N\000=\0005\000,\000K\000=\0003\000,\000p\000=\0001\377\011}{section.12.2}% 299
\BOOKMARK [2][-]{subsection.12.2.5}{\376\377\000M\000a\000s\000k\000i\000n\000g\000\040\225\356\230\230}{section.12.2}% 300
\BOOKMARK [2][-]{subsection.12.2.6}{\376\377\000M\000a\000s\000k\000i\000n\000g\000\040\145\160\120\074\157\024\171\072\377\010\000N\000=\0005\000,\000K\000=\0003\000,\000p\000=\0001\377\011}{section.12.2}% 301
\BOOKMARK [1][-]{section.12.3}{\376\377\176\277\140\047\122\044\122\053\122\006\147\220\000\040\000\050\000L\000D\000A\000\051}{chapter.12}% 302
\BOOKMARK [2][-]{subsection.12.3.1}{\376\377\000B\000a\000y\000e\000s\000\040\122\006\174\173\150\106\147\266}{section.12.3}% 303
\BOOKMARK [2][-]{subsection.12.3.2}{\376\377\000G\000a\000u\000s\000s\000i\000a\000n\000\040\120\107\213\276\116\013\166\204\000\040\000L\000D\000A}{section.12.3}% 304
\BOOKMARK [2][-]{subsection.12.3.3}{\376\377\176\277\140\047\122\044\122\053\121\375\145\160}{section.12.3}% 305
\BOOKMARK [2][-]{subsection.12.3.4}{\376\377\123\302\145\160\117\060\213\241}{section.12.3}% 306
\BOOKMARK [2][-]{subsection.12.3.5}{\376\377\116\214\122\006\174\173\000\040\000L\000D\000A\000\040\116\016\147\000\134\017\116\214\116\130\166\204\133\371\136\224}{section.12.3}% 307
\BOOKMARK [1][-]{section.12.4}{\376\377\116\214\153\041\122\044\122\053\122\006\147\220\000\040\000\050\000Q\000D\000A\000\051}{chapter.12}% 308
\BOOKMARK [2][-]{subsection.12.4.1}{\376\377\123\302\145\160\145\160\221\317}{section.12.4}% 309
\BOOKMARK [2][-]{subsection.12.4.2}{\376\377\000L\000D\000A\000\040\116\016\000\040\000Q\000D\000A\000\040\166\204\140\047\200\375\213\250\213\272}{section.12.4}% 310
\BOOKMARK [1][-]{section.12.5}{\376\377\153\143\122\031\123\026\122\044\122\053\122\006\147\220\000\040\000\050\000R\000D\000A\000\051}{chapter.12}% 311
\BOOKMARK [2][-]{subsection.12.5.1}{\376\377\152\041\127\213\137\142\137\017}{section.12.5}% 312
\BOOKMARK [1][-]{section.12.6}{\376\377\000L\000D\000A\000\040\166\204\213\241\173\227}{chapter.12}% 313
\BOOKMARK [2][-]{subsection.12.6.1}{\376\377\133\371\211\322\123\026\145\271\154\325}{section.12.6}% 314
\BOOKMARK [2][-]{subsection.12.6.2}{\376\377\000L\000D\000A\000\040\166\204\164\003\137\142\123\026\133\236\163\260}{section.12.6}% 315
\BOOKMARK [1][-]{section.12.7}{\376\377\226\115\171\351\176\277\140\047\122\044\122\053\122\006\147\220}{chapter.12}% 316
\BOOKMARK [2][-]{subsection.12.7.1}{\376\377\122\250\147\072\377\032\215\050\137\303\127\050\117\116\176\364\116\377\134\004\133\120\172\172\225\364\116\055}{section.12.7}% 317
\BOOKMARK [2][-]{subsection.12.7.2}{\376\377\000F\000i\000s\000h\000e\000r\000\040\166\204\122\044\122\053\121\306\122\031}{section.12.7}% 318
\BOOKMARK [2][-]{subsection.12.7.3}{\376\377\000L\000D\000A\000\040\133\120\172\172\225\364\166\204\213\241\173\227\153\145\232\244}{section.12.7}% 319
\BOOKMARK [2][-]{subsection.12.7.4}{\376\377\165\050\116\216\122\006\174\173\116\016\226\115\176\364}{section.12.7}% 320
\BOOKMARK [2][-]{subsection.12.7.5}{\376\377\000F\000i\000s\000h\000e\000r\000\040\145\271\154\325\116\016\000\040\000G\000a\000u\000s\000s\000i\000a\000n\000\040\000L\000D\000A\000\040\166\204\173\111\116\367\140\047}{section.12.7}% 321
\BOOKMARK [2][-]{subsection.12.7.6}{\376\377\140\073\176\323}{section.12.7}% 322
\BOOKMARK [1][-]{section.12.8}{\376\377\121\340\117\125\211\306\211\322\377\032\000W\000-\0001\000-\121\205\171\357\172\172\225\364\116\055\166\204\000\040\000L\000D\000A\000\040\116\016\000\040\000F\000i\000s\000h\000e\000r}{chapter.12}% 323
\BOOKMARK [2][-]{subsection.12.8.1}{\376\377\000W\000-\0001\000-\121\205\171\357\172\172\225\364}{section.12.8}% 324
\BOOKMARK [2][-]{subsection.12.8.2}{\376\377\150\007\121\306\121\205\171\357\000\040\000v\000s\000\040\000W\000-\0001\000-\121\205\171\357}{section.12.8}% 325
\BOOKMARK [2][-]{subsection.12.8.3}{\376\377\127\050\153\144\150\106\147\266\116\013\221\315\145\260\164\006\211\343\000\040\000L\000D\000A}{section.12.8}% 326
\BOOKMARK [2][-]{subsection.12.8.4}{\376\377\127\050\153\144\150\106\147\266\116\013\221\315\145\260\164\006\211\343\000\040\000F\000i\000s\000h\000e\000r}{section.12.8}% 327
\BOOKMARK [2][-]{subsection.12.8.5}{\376\377\164\003\137\142\123\026\166\204\121\340\117\125\141\017\116\111}{section.12.8}% 328
\BOOKMARK [2][-]{subsection.12.8.6}{\376\377\176\337\116\000\211\306\211\322\140\073\176\323}{section.12.8}% 329
\BOOKMARK [1][-]{section.12.9}{\376\377\000L\000o\000g\000i\000s\000t\000i\000c\000\040\126\336\137\122}{chapter.12}% 330
\BOOKMARK [2][-]{subsection.12.9.1}{\376\377\126\336\122\060\122\044\122\053\121\375\145\160\116\016\000\040\000E\000P\000E\000\040\150\106\147\266}{section.12.9}% 331
\BOOKMARK [2][-]{subsection.12.9.2}{\376\377\152\041\127\213\213\276\133\232}{section.12.9}% 332
\BOOKMARK [2][-]{subsection.12.9.3}{\376\377\142\337\124\010\377\032\147\000\131\047\117\074\161\066\116\016\000\040\000I\000R\000L\000S}{section.12.9}% 333
\BOOKMARK [2][-]{subsection.12.9.4}{\376\377\171\072\117\213\377\032\123\127\227\136\137\303\201\017\165\305\145\160\143\156}{section.12.9}% 334
\BOOKMARK [2][-]{subsection.12.9.5}{\376\377\116\214\153\041\217\321\117\074\116\016\143\250\145\255}{section.12.9}% 335
\BOOKMARK [2][-]{subsection.12.9.6}{\376\377\000L\0001\000\040\153\143\122\031\123\026\000\040\000L\000o\000g\000i\000s\000t\000i\000c\000\040\126\336\137\122}{section.12.9}% 336
\BOOKMARK [2][-]{subsection.12.9.7}{\376\377\000L\000o\000g\000i\000s\000t\000i\000c\000\040\126\336\137\122\217\330\146\057\000\040\000L\000D\000A\377\037}{section.12.9}% 337
\BOOKMARK [2][-]{subsection.12.9.8}{\376\377\000L\000D\000A\000\040\124\214\000\040\000L\000o\000g\000i\000s\000t\000i\000c\000\040\126\336\137\122\140\073\176\323}{section.12.9}% 338
\BOOKMARK [1][-]{section.12.10}{\376\377\122\006\171\273\215\205\136\163\227\142}{chapter.12}% 339
\BOOKMARK [2][-]{subsection.12.10.1}{\376\377\215\205\136\163\227\142\166\204\176\277\140\047\116\343\145\160}{section.12.10}% 340
\BOOKMARK [2][-]{subsection.12.10.2}{\376\377\000R\000o\000s\000e\000n\000b\000l\000a\000t\000t\000\040\141\037\167\345\147\072\133\146\116\140\173\227\154\325}{section.12.10}% 341
\BOOKMARK [2][-]{subsection.12.10.3}{\376\377\147\000\117\030\122\006\171\273\215\205\136\163\227\142}{section.12.10}% 342
\BOOKMARK [1][-]{section.12.11}{\376\377\147\054\172\340\134\017\176\323}{chapter.12}% 343
\BOOKMARK [0][-]{chapter.13}{\376\377\127\372\134\125\137\000\116\016\153\143\122\031\123\026}{part.2}% 344
\BOOKMARK [1][-]{section.13.1}{\376\377\137\025\212\000}{chapter.13}% 345
\BOOKMARK [2][-]{subsection.13.1.1}{\376\377\116\044\171\315\172\201\170\064\176\277\140\047\166\204\140\035\215\357\377\032\123\302\145\160\123\026\000\040\000v\000s\000\040\227\136\123\302\145\160\123\026}{section.13.1}% 346
\BOOKMARK [2][-]{subsection.13.1.2}{\376\377\150\070\137\303\140\035\140\363\377\032\123\330\143\142\217\223\121\145\172\172\225\364}{section.13.1}% 347
\BOOKMARK [2][-]{subsection.13.1.3}{\376\377\136\070\211\301\127\372\121\375\145\160\171\072\117\213}{section.13.1}% 348
\BOOKMARK [2][-]{subsection.13.1.4}{\376\377\131\015\147\102\136\246\166\204\143\247\122\066}{section.13.1}% 349
\BOOKMARK [1][-]{section.13.2}{\376\377\122\006\153\265\131\032\230\171\137\017\116\016\150\067\147\141}{chapter.13}% 350
\BOOKMARK [2][-]{subsection.13.2.1}{\376\377\122\006\153\265\136\070\145\160\116\016\122\006\153\265\176\277\140\047}{section.13.2}% 351
\BOOKMARK [2][-]{subsection.13.2.2}{\376\377\142\052\145\255\136\102\127\372}{section.13.2}% 352
\BOOKMARK [2][-]{subsection.13.2.3}{\376\377\116\011\153\041\150\067\147\141\000\040\000\050\000C\000u\000b\000i\000c\000\040\000S\000p\000l\000i\000n\000e\000\051}{section.13.2}% 353
\BOOKMARK [2][-]{subsection.13.2.4}{\376\377\116\000\202\054\226\066\150\067\147\141}{section.13.2}% 354
\BOOKMARK [2][-]{subsection.13.2.5}{\376\377\202\202\160\271\220\011\142\351}{section.13.2}% 355
\BOOKMARK [2][-]{subsection.13.2.6}{\376\377\201\352\161\066\116\011\153\041\150\067\147\141}{section.13.2}% 356
\BOOKMARK [2][-]{subsection.13.2.7}{\376\377\150\067\147\141\145\271\154\325\151\202\211\310}{section.13.2}% 357
\BOOKMARK [2][-]{subsection.13.2.8}{\376\377\171\072\117\213\377\032\123\127\227\136\137\303\201\017\165\305\145\160\143\156\377\010\176\355\377\011}{section.13.2}% 358
\BOOKMARK [2][-]{subsection.13.2.9}{\376\377\171\072\117\213\377\032\227\363\175\040\213\306\122\053}{section.13.2}% 359
\BOOKMARK [1][-]{section.13.3}{\376\377\156\344\154\342\116\016\162\171\137\201\143\320\123\326}{chapter.13}% 360
\BOOKMARK [1][-]{section.13.4}{\376\377\121\111\156\321\150\067\147\141}{chapter.13}% 361
\BOOKMARK [2][-]{subsection.13.4.1}{\376\377\140\351\177\132\153\213\135\356\136\163\145\271\124\214}{section.13.4}% 362
\BOOKMARK [2][-]{subsection.13.4.2}{\376\377\147\011\226\120\176\364\211\343}{section.13.4}% 363
\BOOKMARK [2][-]{subsection.13.4.3}{\376\377\133\214\145\164\171\072\117\213\377\032\121\111\156\321\150\067\147\141\166\204\173\046\123\367\123\026\155\101\172\013}{section.13.4}% 364
\BOOKMARK [2][-]{subsection.13.4.4}{\376\377\201\352\165\061\136\246\116\016\121\111\156\321\167\351\226\065}{section.13.4}% 365
\BOOKMARK [1][-]{section.13.5}{\376\377\121\111\156\321\123\302\145\160\166\204\201\352\122\250\220\011\142\351}{chapter.13}% 366
\BOOKMARK [2][-]{subsection.13.5.1}{\376\377\165\050\147\011\145\110\201\352\165\061\136\246\123\302\145\160\123\026}{section.13.5}% 367
\BOOKMARK [2][-]{subsection.13.5.2}{\376\377\120\117\135\356\000-\145\271\135\356\147\103\210\141}{section.13.5}% 368
\BOOKMARK [2][-]{subsection.13.5.3}{\376\377\116\244\123\311\232\214\213\301\000\040\000\050\000C\000V\000\051}{section.13.5}% 369
\BOOKMARK [1][-]{section.13.6}{\376\377\227\136\123\302\145\160\000\040\000L\000o\000g\000i\000s\000t\000i\000c\000\040\126\336\137\122}{chapter.13}% 370
\BOOKMARK [1][-]{section.13.7}{\376\377\131\032\176\364\150\067\147\141}{chapter.13}% 371
\BOOKMARK [2][-]{subsection.13.7.1}{\376\377\137\040\221\317\171\357\127\372}{section.13.7}% 372
\BOOKMARK [2][-]{subsection.13.7.2}{\376\377\205\204\147\177\150\067\147\141\000\040\000\050\000T\000h\000i\000n\000-\000P\000l\000a\000t\000e\000\040\000S\000p\000l\000i\000n\000e\000s\000\051}{section.13.7}% 373
\BOOKMARK [2][-]{subsection.13.7.3}{\376\377\122\240\140\047\150\067\147\141\116\016\000\040\000A\000N\000O\000V\000A\000\040\122\006\211\343}{section.13.7}% 374
\BOOKMARK [2][-]{subsection.13.7.4}{\376\377\134\017\176\323\377\032\116\316\116\000\176\364\122\060\131\032\176\364\166\204\220\011\142\351\215\357\176\277}{section.13.7}% 375
\BOOKMARK [1][-]{section.13.8}{\376\377\153\143\122\031\123\026\116\016\121\215\165\037\150\070\000\040\000H\000i\000l\000b\000e\000r\000t\000\040\172\172\225\364\000\040\000\050\000R\000K\000H\000S\000\051}{chapter.13}% 376
\BOOKMARK [2][-]{subsection.13.8.1}{\376\377\116\000\202\054\137\142\137\017}{section.13.8}% 377
\BOOKMARK [2][-]{subsection.13.8.2}{\376\377\000R\000K\000H\000S\000\040\116\016\150\070\145\271\154\325}{section.13.8}% 378
\BOOKMARK [2][-]{subsection.13.8.3}{\376\377\133\236\117\213}{section.13.8}% 379
\BOOKMARK [2][-]{subsection.13.8.4}{\376\377\133\236\215\365\143\007\123\127\377\032\117\125\145\366\117\177\165\050\150\070\145\271\154\325}{section.13.8}% 380
\BOOKMARK [1][-]{section.13.9}{\376\377\134\017\154\342\121\111\156\321}{chapter.13}% 381
\BOOKMARK [2][-]{subsection.13.9.1}{\376\377\150\070\137\303\140\035\140\363\377\032\145\366\225\364\000-\230\221\163\207\133\232\117\115}{section.13.9}% 382
\BOOKMARK [2][-]{subsection.13.9.2}{\376\377\131\032\122\006\217\250\163\207\122\006\147\220}{section.13.9}% 383
\BOOKMARK [2][-]{subsection.13.9.3}{\376\377\134\017\154\342\123\330\143\142\166\204\145\160\133\146\133\232\116\111}{section.13.9}% 384
\BOOKMARK [2][-]{subsection.13.9.4}{\376\377\201\352\220\002\136\224\134\017\154\342\226\010\120\074\000\040\000\050\000W\000a\000v\000e\000l\000e\000t\000\040\000S\000h\000r\000i\000n\000k\000a\000g\000e\000\051}{section.13.9}% 385
\BOOKMARK [2][-]{subsection.13.9.5}{\376\377\134\017\154\342\000\040\000v\000s\000\040\121\111\156\321\150\067\147\141\377\010\126\376\000\040\0005\000.\0001\0009\377\011}{section.13.9}% 386
\BOOKMARK [1][-]{section.13.10}{\376\377\147\054\172\340\134\017\176\323}{chapter.13}% 387
\BOOKMARK [0][-]{chapter.14}{\376\377\150\070\121\111\156\321\145\271\154\325}{part.2}% 388
\BOOKMARK [1][-]{section.14.1}{\376\377\116\000\176\364\150\070\121\111\156\321\126\150}{chapter.14}% 389
\BOOKMARK [2][-]{subsection.14.1.1}{\376\377\116\316\000\040\000k\000-\147\000\217\321\220\273\136\163\127\107\122\060\150\070\122\240\147\103\136\163\127\107}{section.14.1}% 390
\BOOKMARK [2][-]{subsection.14.1.2}{\376\377\150\070\121\375\145\160\166\204\137\142\137\017}{section.14.1}% 391
\BOOKMARK [2][-]{subsection.14.1.3}{\376\377\116\011\171\315\136\070\165\050\150\070}{section.14.1}% 392
\BOOKMARK [2][-]{subsection.14.1.4}{\376\377\133\236\215\365\116\055\166\204\154\350\141\017\116\213\230\171}{section.14.1}% 393
\BOOKMARK [1][-]{section.14.2}{\376\377\134\100\220\350\176\277\140\047\126\336\137\122}{chapter.14}% 394
\BOOKMARK [2][-]{subsection.14.2.1}{\376\377\217\271\165\114\120\117\135\356\225\356\230\230}{section.14.2}% 395
\BOOKMARK [2][-]{subsection.14.2.2}{\376\377\134\100\220\350\122\240\147\103\147\000\134\017\116\214\116\130}{section.14.2}% 396
\BOOKMARK [2][-]{subsection.14.2.3}{\376\377\167\351\226\065\137\142\137\017\116\016\173\111\116\367\150\070}{section.14.2}% 397
\BOOKMARK [2][-]{subsection.14.2.4}{\376\377\201\352\122\250\150\070\147\050\135\345\377\010\000A\000u\000t\000o\000m\000a\000t\000i\000c\000\040\000K\000e\000r\000n\000e\000l\000\040\000C\000a\000r\000p\000e\000n\000t\000r\000y\377\011}{section.14.2}% 398
\BOOKMARK [1][-]{section.14.3}{\376\377\134\100\220\350\131\032\230\171\137\017\126\336\137\122}{chapter.14}% 399
\BOOKMARK [2][-]{subsection.14.3.1}{\376\377\000d\000\040\226\066\134\100\220\350\131\032\230\171\137\017\142\337\124\010}{section.14.3}% 400
\BOOKMARK [2][-]{subsection.14.3.2}{\376\377\122\112\134\360\130\153\214\067\145\110\136\224}{section.14.3}% 401
\BOOKMARK [2][-]{subsection.14.3.3}{\376\377\120\117\135\356\040\023\145\271\135\356\147\103\210\141}{section.14.3}% 402
\BOOKMARK [2][-]{subsection.14.3.4}{\376\377\131\107\145\160\226\066\000\040\000v\000s\000\040\120\166\145\160\226\066\377\032\133\236\215\365\136\372\213\256}{section.14.3}% 403
\BOOKMARK [1][-]{section.14.4}{\376\377\150\070\133\275\136\246\166\204\220\011\142\351}{chapter.14}% 404
\BOOKMARK [2][-]{subsection.14.4.1}{\376\377\000\040\127\050\116\015\124\014\150\070\116\055\166\204\124\053\116\111}{section.14.4}% 405
\BOOKMARK [2][-]{subsection.14.4.2}{\376\377\120\117\135\356\040\023\145\271\135\356\147\103\210\141\116\016\172\227\133\275}{section.14.4}% 406
\BOOKMARK [2][-]{subsection.14.4.3}{\376\377\176\277\140\047\117\060\213\241\221\317\116\016\121\111\156\321\167\351\226\065}{section.14.4}% 407
\BOOKMARK [2][-]{subsection.14.4.4}{\376\377\147\011\145\110\201\352\165\061\136\246}{section.14.4}% 408
\BOOKMARK [1][-]{section.14.5}{\376\377\000R\000p\000\040\116\055\166\204\134\100\220\350\126\336\137\122}{chapter.14}% 409
\BOOKMARK [2][-]{subsection.14.5.1}{\376\377\131\032\230\171\137\017\124\021\221\317\116\016\137\204\124\021\150\070}{section.14.5}% 410
\BOOKMARK [2][-]{subsection.14.5.2}{\376\377\232\330\176\364\116\055\166\204\217\271\165\114\225\356\230\230\116\016\176\364\145\160\160\176\226\276}{section.14.5}% 411
\BOOKMARK [1][-]{section.14.6}{\376\377\000R\000p\000\040\116\055\166\204\176\323\147\204\123\026\134\100\220\350\126\336\137\122\152\041\127\213}{chapter.14}% 412
\BOOKMARK [2][-]{subsection.14.6.1}{\376\377\176\323\147\204\123\026\150\070}{section.14.6}% 413
\BOOKMARK [2][-]{subsection.14.6.2}{\376\377\176\323\147\204\123\026\126\336\137\122\121\375\145\160}{section.14.6}% 414
\BOOKMARK [2][-]{subsection.14.6.3}{\376\377\123\330\174\373\145\160\152\041\127\213}{section.14.6}% 415
\BOOKMARK [1][-]{section.14.7}{\376\377\134\100\220\350\117\074\161\066\116\016\121\166\116\326\152\041\127\213}{chapter.14}% 416
\BOOKMARK [2][-]{subsection.14.7.1}{\376\377\134\100\220\350\117\074\161\066}{section.14.7}% 417
\BOOKMARK [2][-]{subsection.14.7.2}{\376\377\134\100\220\350\201\352\126\336\137\122\145\366\225\364\136\217\122\027}{section.14.7}% 418
\BOOKMARK [2][-]{subsection.14.7.3}{\376\377\134\100\220\350\131\032\174\173\000\040\000L\000o\000g\000i\000s\000t\000i\000c\000\040\126\336\137\122}{section.14.7}% 419
\BOOKMARK [1][-]{section.14.8}{\376\377\150\070\133\306\136\246\117\060\213\241\116\016\122\006\174\173}{chapter.14}% 420
\BOOKMARK [2][-]{subsection.14.8.1}{\376\377\150\070\133\306\136\246\117\060\213\241}{section.14.8}% 421
\BOOKMARK [2][-]{subsection.14.8.2}{\376\377\150\070\133\306\136\246\122\006\174\173}{section.14.8}% 422
\BOOKMARK [2][-]{subsection.14.8.3}{\376\377\147\064\175\040\000\040\000B\000a\000y\000e\000s\000\040\122\006\174\173\126\150}{section.14.8}% 423
\BOOKMARK [1][-]{section.14.9}{\376\377\137\204\124\021\127\372\121\375\145\160\116\016\150\070}{chapter.14}% 424
\BOOKMARK [1][-]{section.14.10}{\376\377\155\367\124\010\152\041\127\213\165\050\116\216\133\306\136\246\117\060\213\241\116\016\122\006\174\173}{chapter.14}% 425
\BOOKMARK [1][-]{section.14.11}{\376\377\213\241\173\227\200\003\221\317}{chapter.14}% 426
\BOOKMARK [0][-]{chapter.15}{\376\377\152\041\127\213\213\304\117\060\116\016\220\011\142\351}{part.2}% 427
\BOOKMARK [1][-]{section.15.1}{\376\377\137\025\212\000}{chapter.15}% 428
\BOOKMARK [1][-]{section.15.2}{\376\377\120\117\135\356\060\001\145\271\135\356\116\016\152\041\127\213\131\015\147\102\136\246}{chapter.15}% 429
\BOOKMARK [2][-]{subsection.15.2.1}{\376\377\133\232\221\317\124\315\136\224\140\305\137\142}{section.15.2}% 430
\BOOKMARK [2][-]{subsection.15.2.2}{\376\377\133\232\140\047\124\315\136\224\140\305\137\142}{section.15.2}% 431
\BOOKMARK [2][-]{subsection.15.2.3}{\376\377\152\041\127\213\220\011\142\351\000\040\000v\000s\000\040\152\041\127\213\213\304\117\060}{section.15.2}% 432
\BOOKMARK [1][-]{section.15.3}{\376\377\120\117\135\356\000-\145\271\135\356\122\006\211\343}{chapter.15}% 433
\BOOKMARK [2][-]{subsection.15.3.1}{\376\377\000k\000-\147\000\217\321\220\273\126\336\137\122\166\204\120\117\135\356\000-\145\271\135\356\122\006\211\343}{section.15.3}% 434
\BOOKMARK [2][-]{subsection.15.3.2}{\376\377\176\277\140\047\126\336\137\122\166\204\120\117\135\356\000-\145\271\135\356\122\006\211\343}{section.15.3}% 435
\BOOKMARK [2][-]{subsection.15.3.3}{\376\377\134\255\126\336\137\122\166\204\120\117\135\356\122\006\211\343}{section.15.3}% 436
\BOOKMARK [2][-]{subsection.15.3.4}{\376\377\171\072\117\213\377\032\120\117\135\356\000-\145\271\135\356\147\103\210\141}{section.15.3}% 437
\BOOKMARK [1][-]{section.15.4}{\376\377\213\255\176\303\213\357\135\356\166\204\116\120\211\302\140\047}{chapter.15}% 438
\BOOKMARK [2][-]{subsection.15.4.1}{\376\377\154\333\123\026\213\357\135\356\060\001\147\037\147\033\213\357\135\356\116\016\150\067\147\054\121\205\213\357\135\356}{section.15.4}% 439
\BOOKMARK [2][-]{subsection.15.4.2}{\376\377\116\120\211\302\140\047\123\312\121\166\140\047\215\050}{section.15.4}% 440
\BOOKMARK [2][-]{subsection.15.4.3}{\376\377\176\277\140\047\142\337\124\010\166\204\162\171\153\212\140\305\137\142}{section.15.4}% 441
\BOOKMARK [1][-]{section.15.5}{\376\377\150\067\147\054\121\205\230\204\155\113\213\357\135\356\166\204\117\060\213\241}{chapter.15}% 442
\BOOKMARK [2][-]{subsection.15.5.1}{\376\377\000C\000p\000\040\176\337\213\241\221\317}{section.15.5}% 443
\BOOKMARK [2][-]{subsection.15.5.2}{\376\377\000A\000I\000C\121\306\122\031}{section.15.5}% 444
\BOOKMARK [2][-]{subsection.15.5.3}{\376\377\000A\000I\000C\000\040\166\204\133\236\215\365\117\177\165\050}{section.15.5}% 445
\BOOKMARK [1][-]{section.15.6}{\376\377\147\011\145\110\123\302\145\160\116\052\145\160}{chapter.15}% 446
\BOOKMARK [2][-]{subsection.15.6.1}{\376\377\176\277\140\047\142\337\124\010\145\271\154\325\166\204\147\011\145\110\201\352\165\061\136\246}{section.15.6}% 447
\BOOKMARK [2][-]{subsection.15.6.2}{\376\377\171\136\176\317\177\121\176\334\166\204\166\204\147\011\145\110\123\302\145\160\116\052\145\160}{section.15.6}% 448
\BOOKMARK [1][-]{section.15.7}{\376\377\215\035\123\366\145\257\145\271\154\325\116\016\000\040\000B\000I\000C}{chapter.15}% 449
\BOOKMARK [2][-]{subsection.15.7.1}{\376\377\000B\000I\000C\000\040\166\204\133\232\116\111}{section.15.7}% 450
\BOOKMARK [2][-]{subsection.15.7.2}{\376\377\000B\000I\000C\000\040\166\204\215\035\123\366\145\257\143\250\133\374}{section.15.7}% 451
\BOOKMARK [2][-]{subsection.15.7.3}{\376\377\000A\000I\000C\000\040\116\016\000\040\000B\000I\000C\000\040\166\204\153\324\217\203}{section.15.7}% 452
\BOOKMARK [1][-]{section.15.8}{\376\377\147\000\134\017\143\317\217\360\225\177\136\246}{chapter.15}% 453
\BOOKMARK [2][-]{subsection.15.8.1}{\376\377\177\026\170\001\116\016\161\265}{section.15.8}% 454
\BOOKMARK [2][-]{subsection.15.8.2}{\376\377\000M\000D\000L\000\040\165\050\116\216\152\041\127\213\220\011\142\351}{section.15.8}% 455
\BOOKMARK [1][-]{section.15.9}{\376\377\000V\000a\000p\000n\000i\000k\040\023\000C\000h\000e\000r\000v\000o\000n\000e\000n\000k\000i\000s\000\040\176\364}{chapter.15}% 456
\BOOKMARK [2][-]{subsection.15.9.1}{\376\377\142\123\145\143\116\016\000\040\000V\000C\000\040\176\364\133\232\116\111}{section.15.9}% 457
\BOOKMARK [2][-]{subsection.15.9.2}{\376\377\000V\000C\000\040\165\114\116\016\176\323\147\204\230\316\226\151\147\000\134\017\123\026}{section.15.9}% 458
\BOOKMARK [2][-]{subsection.15.9.3}{\376\377\171\072\117\213\377\032\000A\000I\000C\060\001\000B\000I\000C\060\001\000S\000R\000M\000\040\166\204\153\324\217\203}{section.15.9}% 459
\BOOKMARK [1][-]{section.15.10}{\376\377\116\244\123\311\232\214\213\301}{chapter.15}% 460
\BOOKMARK [2][-]{subsection.15.10.1}{\376\377\000K\000\040\142\230\116\244\123\311\232\214\213\301}{section.15.10}% 461
\BOOKMARK [2][-]{subsection.15.10.2}{\376\377\000K\000\040\166\204\220\011\142\351\377\032\120\117\135\356\000-\145\271\135\356\147\103\210\141}{section.15.10}% 462
\BOOKMARK [2][-]{subsection.15.10.3}{\376\377\136\177\116\111\116\244\123\311\232\214\213\301\377\010\000G\000C\000V\377\011}{section.15.10}% 463
\BOOKMARK [2][-]{subsection.15.10.4}{\376\377\116\244\123\311\232\214\213\301\166\204\153\143\170\156\116\016\225\031\213\357\120\132\154\325}{section.15.10}% 464
\BOOKMARK [2][-]{subsection.15.10.5}{\376\377\116\244\123\311\232\214\213\301\167\037\166\204\147\011\145\110\124\027\377\037\040\024\040\024\232\330\176\364\171\072\117\213}{section.15.10}% 465
\BOOKMARK [1][-]{section.15.11}{\376\377\201\352\122\251\154\325\377\010\000B\000o\000o\000t\000s\000t\000r\000a\000p\377\011}{chapter.15}% 466
\BOOKMARK [2][-]{subsection.15.11.1}{\376\377\127\372\147\054\140\035\140\363}{section.15.11}% 467
\BOOKMARK [2][-]{subsection.15.11.2}{\376\377\000B\000o\000o\000t\000s\000t\000r\000a\000p\000\040\117\060\213\241\230\204\155\113\213\357\135\356}{section.15.11}% 468
\BOOKMARK [2][-]{subsection.15.11.3}{\376\377\171\072\117\213\377\032\000C\000V\000\040\116\016\000\040\000B\000o\000o\000t\000s\000t\000r\000a\000p\000\040\153\324\217\203}{section.15.11}% 469
\BOOKMARK [1][-]{section.15.12}{\376\377\147\141\116\366\213\357\135\356\217\330\146\057\147\037\147\033\213\357\135\356\377\037}{chapter.15}% 470
\BOOKMARK [1][-]{section.15.13}{\376\377\147\054\172\340\134\017\176\323}{chapter.15}% 471
\BOOKMARK [2][-]{subsection.15.13.1}{\376\377\150\070\137\303\150\106\147\266}{section.15.13}% 472
\BOOKMARK [2][-]{subsection.15.13.2}{\376\377\145\271\154\325\220\011\165\050\143\007\123\127}{section.15.13}% 473
\BOOKMARK [2][-]{subsection.15.13.3}{\376\377\121\163\225\056\176\323\213\272}{section.15.13}% 474
\BOOKMARK [0][-]{chapter.16}{\376\377\152\041\127\213\143\250\145\255\116\016\136\163\127\107}{part.2}% 475
\BOOKMARK [1][-]{section.16.1}{\376\377\137\025\212\000}{chapter.16}% 476
\BOOKMARK [1][-]{section.16.2}{\376\377\000B\000o\000o\000t\000s\000t\000r\000a\000p\000\040\116\016\147\000\131\047\117\074\161\066\145\271\154\325}{chapter.16}% 477
\BOOKMARK [2][-]{subsection.16.2.1}{\376\377\116\000\116\052\121\111\156\321\171\072\117\213}{section.16.2}% 478
\BOOKMARK [2][-]{subsection.16.2.2}{\376\377\227\136\123\302\145\160\000\040\000B\000o\000o\000t\000s\000t\000r\000a\000p\000\040\116\016\123\302\145\160\000\040\000B\000o\000o\000t\000s\000t\000r\000a\000p}{section.16.2}% 479
\BOOKMARK [2][-]{subsection.16.2.3}{\376\377\147\000\131\047\117\074\161\066\143\250\145\255}{section.16.2}% 480
\BOOKMARK [2][-]{subsection.16.2.4}{\376\377\000B\000o\000o\000t\000s\000t\000r\000a\000p\000\040\116\016\147\000\131\047\117\074\161\066\166\204\153\324\217\203}{section.16.2}% 481
\BOOKMARK [1][-]{section.16.3}{\376\377\215\035\123\366\145\257\145\271\154\325}{chapter.16}% 482
\BOOKMARK [2][-]{subsection.16.3.1}{\376\377\127\372\147\054\150\106\147\266}{section.16.3}% 483
\BOOKMARK [2][-]{subsection.16.3.2}{\376\377\121\111\156\321\171\072\117\213\166\204\215\035\123\366\145\257\122\006\147\220}{section.16.3}% 484
\BOOKMARK [2][-]{subsection.16.3.3}{\376\377\000B\000o\000o\000t\000s\000t\000r\000a\000p\000\040\116\016\215\035\123\366\145\257\143\250\145\255\166\204\153\143\137\017\121\163\174\373}{section.16.3}% 485
\BOOKMARK [2][-]{subsection.16.3.4}{\376\377\000B\000o\000o\000t\000s\000t\000r\000a\000p\000\040\165\050\154\325\140\073\211\310}{section.16.3}% 486
\BOOKMARK [1][-]{section.16.4}{\376\377\000E\000M\000\040\173\227\154\325}{chapter.16}% 487
\BOOKMARK [2][-]{subsection.16.4.1}{\376\377\116\044\122\006\221\317\232\330\145\257\155\367\124\010\152\041\127\213}{section.16.4}% 488
\BOOKMARK [2][-]{subsection.16.4.2}{\376\377\000E\000M\000\040\173\227\154\325\166\204\116\000\202\054\137\142\137\017}{section.16.4}% 489
\BOOKMARK [1][-]{section.16.5}{\376\377\000M\000C\000M\000C\377\032\116\316\124\016\232\214\142\275\150\067}{chapter.16}% 490
\BOOKMARK [2][-]{subsection.16.5.1}{\376\377\200\314\146\157\116\016\122\250\147\072\377\032\116\072\116\300\116\110\227\000\211\201\116\316\124\016\232\214\122\006\136\003\142\275\150\067\377\037}{section.16.5}% 491
\BOOKMARK [2][-]{subsection.16.5.2}{\376\377\121\110\232\214\131\202\117\125\117\134\165\050\377\032\124\016\232\214\146\057\060\014\121\110\232\214\000\040\000\040\117\074\161\066\060\015\166\204\166\356\150\007\122\006\136\003}{section.16.5}% 492
\BOOKMARK [2][-]{subsection.16.5.3}{\376\377\232\154\134\024\123\357\131\053\140\047\215\050\377\032\131\202\117\125\117\123\163\260\377\037}{section.16.5}% 493
\BOOKMARK [2][-]{subsection.16.5.4}{\376\377\116\072\116\300\116\110\200\124\124\010\122\006\136\003\147\000\176\310\172\063\133\232\377\037}{section.16.5}% 494
\BOOKMARK [2][-]{subsection.16.5.5}{\376\377\116\000\116\052\121\167\117\123\166\204\000\040\000G\000i\000b\000b\000s\000\040\221\307\150\067\117\213\133\120}{section.16.5}% 495
\BOOKMARK [2][-]{subsection.16.5.6}{\376\377\000G\000i\000b\000b\000s\000\040\221\307\150\067}{section.16.5}% 496
\BOOKMARK [2][-]{subsection.16.5.7}{\376\377\000M\000C\000M\000C\000\040\166\204\133\236\215\365\377\032\147\011\226\120\153\145\145\066\145\133\116\016\213\312\145\255}{section.16.5}% 497
\BOOKMARK [1][-]{section.16.6}{\376\377\000B\000a\000g\000g\000i\000n\000g}{chapter.16}% 498
\BOOKMARK [2][-]{subsection.16.6.1}{\376\377\122\006\174\173\140\305\137\142\377\032\142\225\171\150\000\040\000v\000s\000\040\136\163\127\107\151\202\163\207}{section.16.6}% 499
\BOOKMARK [2][-]{subsection.16.6.2}{\376\377\117\213\377\032\150\021\116\016\152\041\142\337\145\160\143\156}{section.16.6}% 500
\BOOKMARK [2][-]{subsection.16.6.3}{\376\377\000B\000a\000g\000g\000i\000n\000g\000\040\116\072\116\300\116\110\147\011\145\110}{section.16.6}% 501
\BOOKMARK [1][-]{section.16.7}{\376\377\152\041\127\213\136\163\127\107\116\016\000\040\000S\000t\000a\000c\000k\000i\000n\000g}{chapter.16}% 502
\BOOKMARK [2][-]{subsection.16.7.1}{\376\377\230\221\163\207\133\146\155\076\211\306\211\322}{section.16.7}% 503
\BOOKMARK [2][-]{subsection.16.7.2}{\376\377\000S\000t\000a\000c\000k\000i\000n\000g}{section.16.7}% 504
\BOOKMARK [2][-]{subsection.16.7.3}{\376\377\134\017\176\323\377\032\152\041\127\213\176\304\124\010\145\271\154\325\166\204\214\061\174\373}{section.16.7}% 505
\BOOKMARK [1][-]{section.16.8}{\376\377\226\217\147\072\144\034\175\042\377\032\000B\000u\000m\000p\000i\000n\000g}{chapter.16}% 506
\BOOKMARK [1][-]{section.16.9}{\376\377\147\054\172\340\134\017\176\323}{chapter.16}% 507
\BOOKMARK [2][-]{subsection.16.9.1}{\376\377\150\070\137\303\150\106\147\266\377\032\116\044\147\141\116\073\176\277}{section.16.9}% 508
\BOOKMARK [2][-]{subsection.16.9.2}{\376\377\145\271\154\325\220\011\165\050\143\007\123\127}{section.16.9}% 509
\BOOKMARK [2][-]{subsection.16.9.3}{\376\377\121\163\225\056\176\323\213\272}{section.16.9}% 510
\BOOKMARK [0][-]{chapter.17}{\376\377\122\240\140\047\152\041\127\213\060\001\150\021\123\312\166\370\121\163\145\271\154\325}{part.2}% 511
\BOOKMARK [1][-]{section.17.1}{\376\377\136\177\116\111\122\240\140\047\152\041\127\213}{chapter.17}% 512
\BOOKMARK [2][-]{subsection.17.1.1}{\376\377\152\041\127\213\133\232\116\111}{section.17.1}% 513
\BOOKMARK [2][-]{subsection.17.1.2}{\376\377\142\337\124\010\122\240\140\047\152\041\127\213\377\032\000B\000a\000c\000k\000f\000i\000t\000t\000i\000n\000g}{section.17.1}% 514
\BOOKMARK [2][-]{subsection.17.1.3}{\376\377\117\213\377\032\122\240\140\047\000\040\000l\000o\000g\000i\000s\000t\000i\000c\000\040\126\336\137\122\377\010\000s\000p\000a\000m\000\040\145\160\143\156\377\011}{section.17.1}% 515
\BOOKMARK [2][-]{subsection.17.1.4}{\376\377\134\017\176\323}{section.17.1}% 516
\BOOKMARK [1][-]{section.17.2}{\376\377\127\372\116\216\150\021\166\204\145\271\154\325}{chapter.17}% 517
\BOOKMARK [2][-]{subsection.17.2.1}{\376\377\200\314\146\157}{section.17.2}% 518
\BOOKMARK [2][-]{subsection.17.2.2}{\376\377\126\336\137\122\150\021}{section.17.2}% 519
\BOOKMARK [2][-]{subsection.17.2.3}{\376\377\122\006\174\173\150\021}{section.17.2}% 520
\BOOKMARK [2][-]{subsection.17.2.4}{\376\377\121\166\116\326\225\356\230\230}{section.17.2}% 521
\BOOKMARK [2][-]{subsection.17.2.5}{\376\377\122\006\174\173\140\047\200\375\213\304\117\060\176\337\213\241\221\317}{section.17.2}% 522
\BOOKMARK [1][-]{section.17.3}{\376\377\000P\000R\000I\000M\377\032\000B\000u\000m\000p\000\040\000H\000u\000n\000t\000i\000n\000g}{chapter.17}% 523
\BOOKMARK [1][-]{section.17.4}{\376\377\000M\000A\000R\000S\377\032\131\032\121\103\201\352\220\002\136\224\126\336\137\122\150\067\147\141}{chapter.17}% 524
\BOOKMARK [1][-]{section.17.5}{\376\377\116\023\133\266\122\006\134\102\155\367\124\010\377\010\000H\000M\000E\377\011}{chapter.17}% 525
\BOOKMARK [1][-]{section.17.6}{\376\377\177\072\131\061\145\160\143\156}{chapter.17}% 526
\BOOKMARK [1][-]{section.17.7}{\376\377\213\241\173\227\200\003\206\121}{chapter.17}% 527
\BOOKMARK [1][-]{section.17.8}{\376\377\147\054\172\340\140\073\176\323\377\032\122\240\140\047\152\041\127\213\060\001\150\021\123\312\166\370\121\163\145\271\154\325}{chapter.17}% 528
\BOOKMARK [2][-]{subsection.17.8.1}{\376\377\150\070\137\303\116\073\230\230}{section.17.8}% 529
\BOOKMARK [2][-]{subsection.17.8.2}{\376\377\116\224\171\315\145\271\154\325\166\204\133\371\153\324}{section.17.8}% 530
\BOOKMARK [2][-]{subsection.17.8.3}{\376\377\121\163\225\056\176\323\213\272}{section.17.8}% 531
\BOOKMARK [0][-]{chapter.18}{\376\377\143\320\123\107\116\016\122\240\140\047\150\021\377\010\000B\000o\000o\000s\000t\000i\000n\000g\000\040\000a\000n\000d\000\040\000A\000d\000d\000i\000t\000i\000v\000e\000\040\000T\000r\000e\000e\000s\377\011}{part.2}% 532
\BOOKMARK [1][-]{section.18.1}{\376\377\000B\000o\000o\000s\000t\000i\000n\000g\000\040\145\271\154\325}{chapter.18}% 533
\BOOKMARK [2][-]{subsection.18.1.1}{\376\377\147\054\172\340\151\202\211\310}{section.18.1}% 534
\BOOKMARK [1][-]{section.18.2}{\376\377\000B\000o\000o\000s\000t\000i\000n\000g\000\040\142\337\124\010\122\240\140\047\152\041\127\213}{chapter.18}% 535
\BOOKMARK [1][-]{section.18.3}{\376\377\122\115\124\021\122\006\226\066\153\265\122\240\140\047\136\372\152\041}{chapter.18}% 536
\BOOKMARK [1][-]{section.18.4}{\376\377\143\007\145\160\143\137\131\061\116\016\000\040\000A\000d\000a\000B\000o\000o\000s\000t}{chapter.18}% 537
\BOOKMARK [1][-]{section.18.5}{\376\377\116\072\116\300\116\110\165\050\143\007\145\160\143\137\131\061}{chapter.18}% 538
\BOOKMARK [1][-]{section.18.6}{\376\377\143\137\131\061\121\375\145\160\116\016\172\063\120\145\140\047}{chapter.18}% 539
\BOOKMARK [2][-]{subsection.18.6.1}{\376\377\136\163\145\271\213\357\135\356\143\137\131\061\116\015\220\002\124\010\122\006\174\173}{section.18.6}% 540
\BOOKMARK [2][-]{subsection.18.6.2}{\376\377\000K\000\040\174\173\122\006\174\173\166\204\143\137\131\061}{section.18.6}% 541
\BOOKMARK [2][-]{subsection.18.6.3}{\376\377\126\336\137\122\166\204\172\063\120\145\143\137\131\061}{section.18.6}% 542
\BOOKMARK [1][-]{section.18.7}{\376\377\145\160\143\156\143\026\143\230\166\204\060\014\163\260\142\020\060\015\172\013\136\217}{chapter.18}% 543
\BOOKMARK [1][-]{section.18.8}{\376\377\000B\000o\000o\000s\000t\000i\000n\000g\000\040\150\021}{chapter.18}% 544
\BOOKMARK [1][-]{section.18.9}{\376\377\220\032\217\307\150\257\136\246\143\320\123\107\166\204\145\160\120\074\117\030\123\026}{chapter.18}% 545
\BOOKMARK [2][-]{subsection.18.9.1}{\376\377\147\000\220\037\116\013\226\115}{section.18.9}% 546
\BOOKMARK [2][-]{subsection.18.9.2}{\376\377\150\257\136\246\143\320\123\107}{section.18.9}% 547
\BOOKMARK [2][-]{subsection.18.9.3}{\376\377\150\257\136\246\143\320\123\107\166\204\133\236\163\260}{section.18.9}% 548
\BOOKMARK [1][-]{section.18.10}{\376\377\143\320\123\107\150\021\166\204\124\010\220\002\131\047\134\017}{chapter.18}% 549
\BOOKMARK [1][-]{section.18.11}{\376\377\153\143\122\031\123\026}{chapter.18}% 550
\BOOKMARK [2][-]{subsection.18.11.1}{\376\377\145\066\177\051}{section.18.11}% 551
\BOOKMARK [2][-]{subsection.18.11.2}{\376\377\133\120\221\307\150\067}{section.18.11}% 552
\BOOKMARK [1][-]{section.18.12}{\376\377\211\343\221\312}{chapter.18}% 553
\BOOKMARK [2][-]{subsection.18.12.1}{\376\377\230\204\155\113\123\330\221\317\166\204\166\370\133\371\221\315\211\201\140\047}{section.18.12}% 554
\BOOKMARK [2][-]{subsection.18.12.2}{\376\377\220\350\122\006\117\235\215\126\126\376}{section.18.12}% 555
\BOOKMARK [2][-]{subsection.18.12.3}{\376\377\211\343\221\312\135\345\121\167\166\204\214\061\174\373\377\032\150\021\162\171\147\011\000\040\000v\000s\000\040\152\041\127\213\145\340\121\163}{section.18.12}% 556
\BOOKMARK [1][-]{section.18.13}{\376\377\171\072\117\213}{chapter.18}% 557
\BOOKMARK [2][-]{subsection.18.13.1}{\376\377\000C\000a\000l\000i\000f\000o\000r\000n\000i\000a\000\040\000H\000o\000u\000s\000i\000n\000g}{section.18.13}% 558
\BOOKMARK [2][-]{subsection.18.13.2}{\376\377\000N\000e\000w\000\040\000Z\000e\000a\000l\000a\000n\000d\000\040\000F\000i\000s\000h}{section.18.13}% 559
\BOOKMARK [2][-]{subsection.18.13.3}{\376\377\000D\000e\000m\000o\000g\000r\000a\000p\000h\000i\000c\000s\000\040\000D\000a\000t\000a}{section.18.13}% 560
\BOOKMARK [1][-]{section.18.14}{\376\377\147\054\172\340\140\073\176\323}{chapter.18}% 561
\BOOKMARK [2][-]{subsection.18.14.1}{\376\377\150\070\137\303\176\323\213\272}{section.18.14}% 562
\BOOKMARK [0][-]{chapter.19}{\376\377\000N\000e\000u\000r\000a\000l\000\040\000N\000e\000t\000w\000o\000r\000k\000s\377\010\171\136\176\317\177\121\176\334\377\011}{part.2}% 563
\BOOKMARK [1][-]{section.19.1}{\376\377\137\025\212\000}{chapter.19}% 564
\BOOKMARK [1][-]{section.19.2}{\376\377\142\225\137\161\133\373\216\052\126\336\137\122\000\040\000\050\000P\000r\000o\000j\000e\000c\000t\000i\000o\000n\000\040\000P\000u\000r\000s\000u\000i\000t\000\040\000R\000e\000g\000r\000e\000s\000s\000i\000o\000n\000,\000\040\000P\000P\000R\000\051}{chapter.19}% 565
\BOOKMARK [2][-]{subsection.19.2.1}{\376\377\000P\000P\000R\000\040\166\204\142\337\124\010\173\227\154\325}{section.19.2}% 566
\BOOKMARK [1][-]{section.19.3}{\376\377\171\136\176\317\177\121\176\334}{chapter.19}% 567
\BOOKMARK [1][-]{section.19.4}{\376\377\142\337\124\010\171\136\176\317\177\121\176\334}{chapter.19}% 568
\BOOKMARK [2][-]{subsection.19.4.1}{\376\377\213\357\135\356\121\375\145\160}{section.19.4}% 569
\BOOKMARK [2][-]{subsection.19.4.2}{\376\377\123\315\124\021\117\040\144\255\000\040\000\050\000B\000a\000c\000k\000-\000P\000r\000o\000p\000a\000g\000a\000t\000i\000o\000n\000\051}{section.19.4}% 570
\BOOKMARK [2][-]{subsection.19.4.3}{\376\377\000B\000a\000t\000c\000h\000\040\133\146\116\140\116\016\127\050\176\277\133\146\116\140}{section.19.4}% 571
\BOOKMARK [1][-]{section.19.5}{\376\377\213\255\176\303\171\136\176\317\177\121\176\334\166\204\202\345\136\162\225\356\230\230}{chapter.19}% 572
\BOOKMARK [2][-]{subsection.19.5.1}{\376\377\215\167\131\313\120\074\000\040\000\050\000S\000t\000a\000r\000t\000i\000n\000g\000\040\000V\000a\000l\000u\000e\000s\000\051}{section.19.5}% 573
\BOOKMARK [2][-]{subsection.19.5.2}{\376\377\217\307\142\337\124\010\000\040\000\050\000O\000v\000e\000r\000f\000i\000t\000t\000i\000n\000g\000\051}{section.19.5}% 574
\BOOKMARK [2][-]{subsection.19.5.3}{\376\377\217\223\121\145\166\204\177\051\145\076\000\040\000\050\000S\000c\000a\000l\000i\000n\000g\000\040\000o\000f\000\040\000t\000h\000e\000\040\000I\000n\000p\000u\000t\000s\000\051}{section.19.5}% 575
\BOOKMARK [2][-]{subsection.19.5.4}{\376\377\226\220\205\317\123\125\121\103\145\160\116\016\134\102\145\160\000\040\000\050\000N\000u\000m\000b\000e\000r\000\040\000o\000f\000\040\000H\000i\000d\000d\000e\000n\000\040\000U\000n\000i\000t\000s\000\040\000a\000n\000d\000\040\000L\000a\000y\000e\000r\000s\000\051}{section.19.5}% 576
\BOOKMARK [2][-]{subsection.19.5.5}{\376\377\131\032\221\315\147\201\134\017\000\040\000\050\000M\000u\000l\000t\000i\000p\000l\000e\000\040\000M\000i\000n\000i\000m\000a\000\051}{section.19.5}% 577
\BOOKMARK [1][-]{section.19.6}{\376\377\152\041\142\337\145\160\143\156\117\213\133\120\000\040\000\050\000E\000x\000a\000m\000p\000l\000e\000:\000\040\000S\000i\000m\000u\000l\000a\000t\000e\000d\000\040\000D\000a\000t\000a\000\051}{chapter.19}% 578
\BOOKMARK [1][-]{section.19.7}{\376\377\000Z\000I\000P\000\040\170\001\145\160\143\156\117\213\133\120\000\040\000\050\000E\000x\000a\000m\000p\000l\000e\000:\000\040\000Z\000I\000P\000\040\000C\000o\000d\000e\000\040\000D\000a\000t\000a\000\051}{chapter.19}% 579
\BOOKMARK [1][-]{section.19.8}{\376\377\213\250\213\272\000\040\000\050\000D\000i\000s\000c\000u\000s\000s\000i\000o\000n\000\051}{chapter.19}% 580
\BOOKMARK [1][-]{section.19.9}{\376\377\215\035\123\366\145\257\171\136\176\317\177\121\176\334\116\016\000\040\000N\000I\000P\000S\000\040\0002\0000\0000\0003\000\040\143\021\142\030}{chapter.19}% 581
\BOOKMARK [2][-]{subsection.19.9.1}{\376\377\000B\000a\000y\000e\000s\060\001\000B\000o\000o\000s\000t\000i\000n\000g\000\040\116\016\000\040\000B\000a\000g\000g\000i\000n\000g}{section.19.9}% 582
\BOOKMARK [2][-]{subsection.19.9.2}{\376\377\140\047\200\375\153\324\217\203}{section.19.9}% 583
\BOOKMARK [1][-]{section.19.10}{\376\377\213\241\173\227\200\003\206\121\000\040\000\050\000C\000o\000m\000p\000u\000t\000a\000t\000i\000o\000n\000a\000l\000\040\000C\000o\000n\000s\000i\000d\000e\000r\000a\000t\000i\000o\000n\000s\000\051}{chapter.19}% 584
\BOOKMARK [1][-]{section.19.11}{\376\377\147\054\172\340\134\017\176\323}{chapter.19}% 585
\BOOKMARK [2][-]{subsection.19.11.1}{\376\377\150\070\137\303\150\106\147\266}{section.19.11}% 586
\BOOKMARK [2][-]{subsection.19.11.2}{\376\377\211\201\160\271\126\336\230\176}{section.19.11}% 587
